Component: ARM Compiler 5.06 update 2 (build 183) Tool: armlink [4d35b7]

==============================================================================

Section Cross References

    test.o(i.Gizwits_Init) refers to timer.o(i.TIM3_Int_Init) for TIM3_Int_Init
    test.o(i.Gizwits_Init) refers to usart3.o(i.usart3_init) for usart3_init
    test.o(i.Gizwits_Init) refers to gizwits_protocol.o(i.gizwitsInit) for gizwitsInit
    test.o(i.Gizwits_Init) refers to test.o(.bss) for currentDataPoint
    test.o(i.KEY_Task) refers to key.o(i.KEY_Scan) for KEY_Scan
    test.o(i.KEY_Task) refers to noretval__2printf.o(.text) for __2printf
    test.o(i.KEY_Task) refers to gizwits_protocol.o(i.gizwitsSetMode) for gizwitsSetMode
    test.o(i.KEY_Task) refers to oled.o(i.OLED_ShowString) for OLED_ShowString
    test.o(i.KEY_Task) refers to oled.o(i.OLED_Refresh_Gram) for OLED_Refresh_Gram
    test.o(i.main) refers to usart.o(i.uart_init) for uart_init
    test.o(i.main) refers to delay.o(i.delay_init) for delay_init
    test.o(i.main) refers to led.o(i.LED_Init) for LED_Init
    test.o(i.main) refers to key.o(i.KEY_Init) for KEY_Init
    test.o(i.main) refers to oled.o(i.OLED_Init) for OLED_Init
    test.o(i.main) refers to test.o(i.Gizwits_Init) for Gizwits_Init
    test.o(i.main) refers to peripheral.o(i.peripheral_init) for peripheral_init
    test.o(i.main) refers to pid.o(i.pid_IT_Init) for pid_IT_Init
    test.o(i.main) refers to oled.o(i.OLED_ShowString) for OLED_ShowString
    test.o(i.main) refers to oled.o(i.OLED_Refresh_Gram) for OLED_Refresh_Gram
    test.o(i.main) refers to delay.o(i.delay_ms) for delay_ms
    test.o(i.main) refers to ds18b20.o(i.DS18B20_Init) for DS18B20_Init
    test.o(i.main) refers to noretval__2printf.o(.text) for __2printf
    test.o(i.main) refers to ds18b20.o(i.DS18B20_Get_Temp) for DS18B20_Get_Temp
    test.o(i.main) refers to test.o(i.KEY_Task) for KEY_Task
    test.o(i.main) refers to oled.o(i.OLED_ShowChar) for OLED_ShowChar
    test.o(i.main) refers to oled.o(i.OLED_ShowNum) for OLED_ShowNum
    test.o(i.main) refers to gizwits_protocol.o(i.gizwitsHandle) for gizwitsHandle
    test.o(i.main) refers to gizwits_product.o(.bss) for ControlData
    test.o(i.main) refers to test.o(.bss) for currentDataPoint
    system_stm32f10x.o(i.SetSysClock) refers to system_stm32f10x.o(i.SetSysClockTo72) for SetSysClockTo72
    system_stm32f10x.o(i.SystemCoreClockUpdate) refers to system_stm32f10x.o(.data) for SystemCoreClock
    system_stm32f10x.o(i.SystemInit) refers to system_stm32f10x.o(i.SetSysClock) for SetSysClock
    delay.o(i.delay_init) refers to delay.o(.data) for fac_us
    delay.o(i.delay_ms) refers to delay.o(.data) for fac_ms
    delay.o(i.delay_us) refers to delay.o(.data) for fac_us
    sys.o(i.MYRCC_DeInit) refers to sys.o(i.MY_NVIC_SetVectorTable) for MY_NVIC_SetVectorTable
    sys.o(i.MY_NVIC_Init) refers to sys.o(i.MY_NVIC_PriorityGroupConfig) for MY_NVIC_PriorityGroupConfig
    sys.o(i.Stm32_Clock_Init) refers to sys.o(i.MYRCC_DeInit) for MYRCC_DeInit
    sys.o(i.Sys_Standby) refers to sys.o(i.WFI_SET) for WFI_SET
    usart.o(i.USART1_IRQHandler) refers (Special) to use_no_semi_2.o(.text) for __use_no_semihosting
    usart.o(i.USART1_IRQHandler) refers to usart.o(.data) for USART_RX_STA
    usart.o(i.USART1_IRQHandler) refers to usart.o(.bss) for USART_RX_BUF
    usart.o(i._sys_exit) refers (Special) to use_no_semi_2.o(.text) for __use_no_semihosting
    usart.o(i.fputc) refers (Special) to use_no_semi_2.o(.text) for __use_no_semihosting
    usart.o(i.uart_init) refers (Special) to use_no_semi_2.o(.text) for __use_no_semihosting
    usart.o(i.uart_init) refers to fflt_clz.o(x$fpl$ffltu) for __aeabi_ui2f
    usart.o(i.uart_init) refers to fdiv.o(x$fpl$fdiv) for __aeabi_fdiv
    usart.o(i.uart_init) refers to ffixu.o(x$fpl$ffixu) for __aeabi_f2uiz
    usart.o(i.uart_init) refers to faddsub_clz.o(x$fpl$frsb) for __aeabi_frsub
    usart.o(i.uart_init) refers to fmul.o(x$fpl$fmul) for __aeabi_fmul
    usart.o(i.uart_init) refers to sys.o(i.MY_NVIC_Init) for MY_NVIC_Init
    usart.o(.bss) refers (Special) to use_no_semi_2.o(.text) for __use_no_semihosting
    usart.o(.data) refers (Special) to use_no_semi_2.o(.text) for __use_no_semihosting
    adc.o(i.Get_Adc_Average) refers to adc.o(i.Get_Adc) for Get_Adc
    adc.o(i.Get_Adc_Average) refers to delay.o(i.delay_ms) for delay_ms
    adc.o(i.Get_Temprate) refers to adc.o(i.Get_Adc_Average) for Get_Adc_Average
    adc.o(i.Get_Temprate) refers to fflt_clz.o(x$fpl$ffltu) for __aeabi_ui2f
    adc.o(i.Get_Temprate) refers to f2d.o(x$fpl$f2d) for __aeabi_f2d
    adc.o(i.Get_Temprate) refers to dmul.o(x$fpl$dmul) for __aeabi_dmul
    adc.o(i.Get_Temprate) refers to daddsub_clz.o(x$fpl$dsub) for __aeabi_dsub
    adc.o(i.Get_Temprate) refers to ddiv.o(x$fpl$ddiv) for __aeabi_ddiv
    adc.o(i.Get_Temprate) refers to daddsub_clz.o(x$fpl$dadd) for __aeabi_dadd
    adc.o(i.Get_Temprate) refers to dfix.o(x$fpl$dfix) for __aeabi_d2iz
[...]
    .text                                    0x08000634   Section        0  _printf_fp_dec.o(.text)
    _fp_digits                               0x08000637   Thumb Code   428  _printf_fp_dec.o(.text)
    .text                                    0x08000a50   Section        0  _printf_char_file.o(.text)
    .text                                    0x08000a74   Section       78  rt_memclr_w.o(.text)
    .text                                    0x08000ac4   Section        8  rt_locale_intlibspace.o(.text)
    .text                                    0x08000acc   Section      138  lludiv10.o(.text)
    .text                                    0x08000b58   Section        0  _printf_char_common.o(.text)
    _printf_input_char                       0x08000b59   Thumb Code    10  _printf_char_common.o(.text)
    .text                                    0x08000b88   Section        0  _printf_fp_infnan.o(.text)
    .text                                    0x08000c08   Section        0  bigflt0.o(.text)
    .text                                    0x08000ce4   Section        0  ferror.o(.text)
    .text                                    0x08000cec   Section        8  libspace.o(.text)
    .text                                    0x08000cf4   Section       74  sys_stackheap_outer.o(.text)
    .text                                    0x08000d3e   Section        0  exit.o(.text)
    .text                                    0x08000d50   Section      128  strcmpv7m.o(.text)
    CL$$btod_d2e                             0x08000dd0   Section       62  btod.o(CL$$btod_d2e)
    CL$$btod_d2e_denorm_low                  0x08000e0e   Section       70  btod.o(CL$$btod_d2e_denorm_low)
    CL$$btod_d2e_norm_op1                    0x08000e54   Section       96  btod.o(CL$$btod_d2e_norm_op1)
    CL$$btod_div_common                      0x08000eb4   Section      824  btod.o(CL$$btod_div_common)
    CL$$btod_e2e                             0x080011ec   Section      198  btod.o(CL$$btod_e2e)
    CL$$btod_ediv                            0x080012b2   Section       40  btod.o(CL$$btod_ediv)
    CL$$btod_emul                            0x080012da   Section       40  btod.o(CL$$btod_emul)
    CL$$btod_mult_common                     0x08001302   Section      580  btod.o(CL$$btod_mult_common)
    i.BusFault_Handler                       0x08001546   Section        0  stm32f10x_it.o(i.BusFault_Handler)
    i.DS18B20_Check                          0x0800154c   Section        0  ds18b20.o(i.DS18B20_Check)
    i.DS18B20_Get_Temp                       0x080015b0   Section        0  ds18b20.o(i.DS18B20_Get_Temp)
    i.DS18B20_Init                           0x0800163c   Section        0  ds18b20.o(i.DS18B20_Init)
    i.DS18B20_Read_Bit                       0x0800167c   Section        0  ds18b20.o(i.DS18B20_Read_Bit)
    i.DS18B20_Read_Byte                      0x080016e8   Section        0  ds18b20.o(i.DS18B20_Read_Byte)
    i.DS18B20_Rst                            0x0800170c   Section        0  ds18b20.o(i.DS18B20_Rst)
    i.DS18B20_Start                          0x08001750   Section        0  ds18b20.o(i.DS18B20_Start)
    i.DS18B20_Write_Byte                     0x08001768   Section        0  ds18b20.o(i.DS18B20_Write_Byte)
    i.DebugMon_Handler                       0x080017dc   Section        0  stm32f10x_it.o(i.DebugMon_Handler)
    i.GPIO_Init                              0x080017de   Section        0  stm32f10x_gpio.o(i.GPIO_Init)
    i.GPIO_ResetBits                         0x080018f4   Section        0  stm32f10x_gpio.o(i.GPIO_ResetBits)
    i.GPIO_SetBits                           0x080018f8   Section        0  stm32f10x_gpio.o(i.GPIO_SetBits)
    i.Gizwits_Init                           0x080018fc   Section        0  test.o(i.Gizwits_Init)
    i.HardFault_Handler                      0x08001928   Section        0  stm32f10x_it.o(i.HardFault_Handler)
    i.INTX_DISABLE                           0x0800192c   Section        0  sys.o(i.INTX_DISABLE)
    i.KEY_Init                               0x08001930   Section        0  key.o(i.KEY_Init)
    i.KEY_Scan                               0x0800199c   Section        0  key.o(i.KEY_Scan)
    i.KEY_Task                               0x08001a40   Section        0  test.o(i.KEY_Task)
    i.LED_Init                               0x08001adc   Section        0  led.o(i.LED_Init)
    i.MY_NVIC_Init                           0x08001b4c   Section        0  sys.o(i.MY_NVIC_Init)
    i.MY_NVIC_PriorityGroupConfig            0x08001bc4   Section        0  sys.o(i.MY_NVIC_PriorityGroupConfig)
    i.MemManage_Handler                      0x08001bec   Section        0  stm32f10x_it.o(i.MemManage_Handler)
    i.NMI_Handler                            0x08001bf0   Section        0  stm32f10x_it.o(i.NMI_Handler)
    i.OLED_Clear                             0x08001bf4   Section        0  oled.o(i.OLED_Clear)
    i.OLED_DrawPoint                         0x08001c24   Section        0  oled.o(i.OLED_DrawPoint)
    i.OLED_Init                              0x08001c8c   Section        0  oled.o(i.OLED_Init)
    i.OLED_Refresh_Gram                      0x08001e30   Section        0  oled.o(i.OLED_Refresh_Gram)
    i.OLED_ShowChar                          0x08001e7c   Section        0  oled.o(i.OLED_ShowChar)
    i.OLED_ShowNum                           0x08001f88   Section        0  oled.o(i.OLED_ShowNum)
    i.OLED_ShowString                        0x0800201c   Section        0  oled.o(i.OLED_ShowString)
    i.OLED_WR_Byte                           0x0800207c   Section        0  oled.o(i.OLED_WR_Byte)
    i.PendSV_Handler                         0x080020c0   Section        0  stm32f10x_it.o(i.PendSV_Handler)
    i.RCC_APB1PeriphClockCmd                 0x080020c4   Section        0  stm32f10x_rcc.o(i.RCC_APB1PeriphClockCmd)
    i.RCC_APB2PeriphClockCmd                 0x080020e4   Section        0  stm32f10x_rcc.o(i.RCC_APB2PeriphClockCmd)
    i.SVC_Handler                            0x08002104   Section        0  stm32f10x_it.o(i.SVC_Handler)
    i.SetSysClock                            0x08002106   Section        0  system_stm32f10x.o(i.SetSysClock)
    SetSysClock                              0x08002107   Thumb Code     8  system_stm32f10x.o(i.SetSysClock)
    i.SetSysClockTo72                        0x08002110   Section        0  system_stm32f10x.o(i.SetSysClockTo72)
    SetSysClockTo72                          0x08002111   Thumb Code   214  system_stm32f10x.o(i.SetSysClockTo72)
    i.SysTick_Handler                        0x080021f0   Section        0  stm32f10x_it.o(i.SysTick_Handler)
    i.Sys_Soft_Reset                         0x080021f4   Section        0  sys.o(i.Sys_Soft_Reset)
    i.SystemInit                             0x08002204   Section        0  system_stm32f10x.o(i.SystemInit)
    i.TIM3_IRQHandler                        0x08002264   Section        0  timer.o(i.TIM3_IRQHandler)
    i.TIM3_Int_Init                          0x08002288   Section        0  timer.o(i.TIM3_Int_Init)
    i.TIM5_IRQHandler                        0x080022d8   Section        0  timer.o(i.TIM5_IRQHandler)
    i.TIM7_IRQHandler                        0x0800239c   Section        0  pid.o(i.TIM7_IRQHandler)
    i.TIM_ClearFlag                          0x080023c8   Section        0  stm32f10x_tim.o(i.TIM_ClearFlag)
    i.TIM_ClearITPendingBit                  0x080023ce   Section        0  stm32f10x_tim.o(i.TIM_ClearITPendingBit)
    i.TIM_Cmd                                0x080023d4   Section        0  stm32f10x_tim.o(i.TIM_Cmd)
    i.TIM_GetITStatus                        0x080023ec   Section        0  stm32f10x_tim.o(i.TIM_GetITStatus)
    i.TIM_ITConfig                           0x0800240e   Section        0  stm32f10x_tim.o(i.TIM_ITConfig)
    i.TIM_OC2Init                            0x08002420   Section        0  stm32f10x_tim.o(i.TIM_OC2Init)
    i.TIM_OC2PreloadConfig                   0x080024c4   Section        0  stm32f10x_tim.o(i.TIM_OC2PreloadConfig)
    i.TIM_SetCompare2                        0x080024de   Section        0  stm32f10x_tim.o(i.TIM_SetCompare2)
    i.TIM_TimeBaseInit                       0x080024e4   Section        0  stm32f10x_tim.o(i.TIM_TimeBaseInit)
    i.USART1_IRQHandler                      0x08002588   Section        0  usart.o(i.USART1_IRQHandler)
    i.USART3_IRQHandler                      0x0800260c   Section        0  usart3.o(i.USART3_IRQHandler)
    i.UsageFault_Handler                     0x08002630   Section        0  stm32f10x_it.o(i.UsageFault_Handler)
    i.__ARM_fpclassify                       0x08002634   Section        0  fpclassify.o(i.__ARM_fpclassify)
    i._is_digit                              0x0800265c   Section        0  __printf_wp.o(i._is_digit)
    i._sys_exit                              0x0800266a   Section        0  usart.o(i._sys_exit)
    i.calcFrequency                          0x08002670   Section        0  pid.o(i.calcFrequency)
    i.calcVolt                               0x08002718   Section        0  pid.o(i.calcVolt)
    i.delay_init                             0x0800271c   Section        0  delay.o(i.delay_init)
    i.delay_ms                               0x0800275c   Section        0  delay.o(i.delay_ms)
    i.delay_us                               0x08002798   Section        0  delay.o(i.delay_us)
    i.fputc                                  0x080027d4   Section        0  usart.o(i.fputc)
    i.gizAcrossByteJudge                     0x080027f0   Section        0  gizwits_protocol.o(i.gizAcrossByteJudge)
    gizAcrossByteJudge                       0x080027f1   Thumb Code    42  gizwits_protocol.o(i.gizAcrossByteJudge)
    i.gizByteOrderExchange                   0x0800281c   Section        0  gizwits_protocol.o(i.gizByteOrderExchange)
    gizByteOrderExchange                     0x0800281d   Thumb Code    64  gizwits_protocol.o(i.gizByteOrderExchange)
    i.gizCheckReport                         0x08002888   Section        0  gizwits_protocol.o(i.gizCheckReport)
    gizCheckReport                           0x08002889   Thumb Code   110  gizwits_protocol.o(i.gizCheckReport)
    i.gizCompressValue                       0x08002970   Section        0  gizwits_protocol.o(i.gizCompressValue)
    gizCompressValue                         0x08002971   Thumb Code   136  gizwits_protocol.o(i.gizCompressValue)
    i.gizDataPoint2Event                     0x08002a20   Section        0  gizwits_protocol.o(i.gizDataPoint2Event)
    gizDataPoint2Event                       0x08002a21   Thumb Code   114  gizwits_protocol.o(i.gizDataPoint2Event)
    i.gizDataPoints2ReportData               0x08002ac0   Section        0  gizwits_protocol.o(i.gizDataPoints2ReportData)
    gizDataPoints2ReportData                 0x08002ac1   Thumb Code    82  gizwits_protocol.o(i.gizDataPoints2ReportData)
    i.gizDecompressionValue                  0x08002b44   Section        0  gizwits_protocol.o(i.gizDecompressionValue)
    gizDecompressionValue                    0x08002b45   Thumb Code   202  gizwits_protocol.o(i.gizDecompressionValue)
    i.gizDevReportPolicy                     0x08002c74   Section        0  gizwits_protocol.o(i.gizDevReportPolicy)
    gizDevReportPolicy                       0x08002c75   Thumb Code   122  gizwits_protocol.o(i.gizDevReportPolicy)
    i.gizExchangeWord                        0x08002d28   Section        0  gizwits_protocol.o(i.gizExchangeWord)
    gizExchangeWord                          0x08002d29   Thumb Code    26  gizwits_protocol.o(i.gizExchangeWord)
    i.gizGetTimerCount                       0x08002d44   Section        0  gizwits_product.o(i.gizGetTimerCount)
    i.gizProtocolAckHandle                   0x08002d50   Section        0  gizwits_protocol.o(i.gizProtocolAckHandle)
    gizProtocolAckHandle                     0x08002d51   Thumb Code    96  gizwits_protocol.o(i.gizProtocolAckHandle)
    i.gizProtocolCommonAck                   0x08002ddc   Section        0  gizwits_protocol.o(i.gizProtocolCommonAck)
    gizProtocolCommonAck                     0x08002ddd   Thumb Code    86  gizwits_protocol.o(i.gizProtocolCommonAck)
    i.gizProtocolErrorCmd                    0x08002e80   Section        0  gizwits_protocol.o(i.gizProtocolErrorCmd)
    gizProtocolErrorCmd                      0x08002e81   Thumb Code    90  gizwits_protocol.o(i.gizProtocolErrorCmd)
    i.gizProtocolExchangeBytes               0x08002f28   Section        0  gizwits_protocol.o(i.gizProtocolExchangeBytes)
    gizProtocolExchangeBytes                 0x08002f29   Thumb Code    22  gizwits_protocol.o(i.gizProtocolExchangeBytes)
    i.gizProtocolGetDeviceInfo               0x08002f40   Section        0  gizwits_protocol.o(i.gizProtocolGetDeviceInfo)
    gizProtocolGetDeviceInfo                 0x08002f41   Thumb Code   182  gizwits_protocol.o(i.gizProtocolGetDeviceInfo)
    i.gizProtocolGetOnePacket                0x080030c0   Section        0  gizwits_protocol.o(i.gizProtocolGetOnePacket)
    gizProtocolGetOnePacket                  0x080030c1   Thumb Code   358  gizwits_protocol.o(i.gizProtocolGetOnePacket)
    i.gizProtocolHeadInit                    0x08003268   Section        0  gizwits_protocol.o(i.gizProtocolHeadInit)
    gizProtocolHeadInit                      0x08003269   Thumb Code    34  gizwits_protocol.o(i.gizProtocolHeadInit)
    i.gizProtocolIssuedDataAck               0x080032b8   Section        0  gizwits_protocol.o(i.gizProtocolIssuedDataAck)
    gizProtocolIssuedDataAck                 0x080032b9   Thumb Code   204  gizwits_protocol.o(i.gizProtocolIssuedDataAck)
    i.gizProtocolIssuedProcess               0x080033b8   Section        0  gizwits_protocol.o(i.gizProtocolIssuedProcess)
    gizProtocolIssuedProcess                 0x080033b9   Thumb Code   218  gizwits_protocol.o(i.gizProtocolIssuedProcess)
    i.gizProtocolModuleStatus                0x080034c8   Section        0  gizwits_protocol.o(i.gizProtocolModuleStatus)
    gizProtocolModuleStatus                  0x080034c9   Thumb Code   816  gizwits_protocol.o(i.gizProtocolModuleStatus)
    i.gizProtocolNTP                         0x080039cc   Section        0  gizwits_protocol.o(i.gizProtocolNTP)
    gizProtocolNTP                           0x080039cd   Thumb Code   112  gizwits_protocol.o(i.gizProtocolNTP)
    i.gizProtocolReboot                      0x08003a58   Section        0  gizwits_protocol.o(i.gizProtocolReboot)
    gizProtocolReboot                        0x08003a59   Thumb Code    28  gizwits_protocol.o(i.gizProtocolReboot)
    i.gizProtocolResendData                  0x08003a74   Section        0  gizwits_protocol.o(i.gizProtocolResendData)
    gizProtocolResendData                    0x08003a75   Thumb Code    64  gizwits_protocol.o(i.gizProtocolResendData)
    i.gizProtocolSum                         0x08003af4   Section        0  gizwits_protocol.o(i.gizProtocolSum)
    gizProtocolSum                           0x08003af5   Thumb Code    52  gizwits_protocol.o(i.gizProtocolSum)
    i.gizProtocolWaitAck                     0x08003b60   Section        0  gizwits_protocol.o(i.gizProtocolWaitAck)
    gizProtocolWaitAck                       0x08003b61   Thumb Code    70  gizwits_protocol.o(i.gizProtocolWaitAck)
    i.gizProtocolWaitAckCheck                0x08003bc4   Section        0  gizwits_protocol.o(i.gizProtocolWaitAckCheck)
    gizProtocolWaitAckCheck                  0x08003bc5   Thumb Code    44  gizwits_protocol.o(i.gizProtocolWaitAckCheck)
    i.gizPutData                             0x08003c0c   Section        0  gizwits_protocol.o(i.gizPutData)
    i.gizReportData                          0x08003c84   Section        0  gizwits_protocol.o(i.gizReportData)
    gizReportData                            0x08003c85   Thumb Code   136  gizwits_protocol.o(i.gizReportData)
    i.gizTimerMs                             0x08003d58   Section        0  gizwits_product.o(i.gizTimerMs)
    i.gizX2Y                                 0x08003d68   Section        0  gizwits_protocol.o(i.gizX2Y)
    gizX2Y                                   0x08003d69   Thumb Code    12  gizwits_protocol.o(i.gizX2Y)
    i.gizY2X                                 0x08003d74   Section        0  gizwits_protocol.o(i.gizY2X)
    gizY2X                                   0x08003d75   Thumb Code    14  gizwits_protocol.o(i.gizY2X)
    i.gizwitsEventProcess                    0x08003d84   Section        0  gizwits_product.o(i.gizwitsEventProcess)
    i.gizwitsHandle                          0x08003fe0   Section        0  gizwits_protocol.o(i.gizwitsHandle)
    i.gizwitsInit                            0x08004268   Section        0  gizwits_protocol.o(i.gizwitsInit)
    i.gizwitsSetMode                         0x08004290   Section        0  gizwits_protocol.o(i.gizwitsSetMode)
    i.main                                   0x080044c0   Section        0  test.o(i.main)
    i.mcuRestart                             0x08004758   Section        0  gizwits_product.o(i.mcuRestart)
    i.mypow                                  0x08004764   Section        0  oled.o(i.mypow)
    i.peripheral_init                        0x0800477c   Section        0  peripheral.o(i.peripheral_init)
    i.pid_IT_Init                            0x0800488c   Section        0  pid.o(i.pid_IT_Init)
    i.rbCanRead                              0x08004918   Section        0  gizwits_protocol.o(i.rbCanRead)
    rbCanRead                                0x08004919   Thumb Code    62  gizwits_protocol.o(i.rbCanRead)
    i.rbCanWrite                             0x08004974   Section        0  gizwits_protocol.o(i.rbCanWrite)
    rbCanWrite                               0x08004975   Thumb Code    36  gizwits_protocol.o(i.rbCanWrite)
    i.rbCapacity                             0x080049b4   Section        0  gizwits_protocol.o(i.rbCapacity)
    rbCapacity                               0x080049b5   Thumb Code    22  gizwits_protocol.o(i.rbCapacity)
    i.rbCreate                               0x080049e8   Section        0  gizwits_protocol.o(i.rbCreate)
    rbCreate                                 0x080049e9   Thumb Code    26  gizwits_protocol.o(i.rbCreate)
    i.rbRead                                 0x08004a20   Section        0  gizwits_protocol.o(i.rbRead)
    rbRead                                   0x08004a21   Thumb Code   174  gizwits_protocol.o(i.rbRead)
    i.rbWrite                                0x08004b08   Section        0  gizwits_protocol.o(i.rbWrite)
    rbWrite                                  0x08004b09   Thumb Code   186  gizwits_protocol.o(i.rbWrite)
    i.setFrequency                           0x08004c0c   Section        0  peripheral.o(i.setFrequency)
    i.setVolt                                0x08004dac   Section        0  peripheral.o(i.setVolt)
    i.uartWrite                              0x08004db0   Section        0  gizwits_product.o(i.uartWrite)
    i.uart_init                              0x08004e08   Section        0  usart.o(i.uart_init)
    i.usart3_init                            0x08004ee4   Section        0  usart3.o(i.usart3_init)
    locale$$code                             0x08004f70   Section       44  lc_numeric_c.o(locale$$code)
    x$fpl$dcmpinf                            0x08004f9c   Section       24  dcmpi.o(x$fpl$dcmpinf)
    x$fpl$dfix                               0x08004fb4   Section       94  dfix.o(x$fpl$dfix)
    x$fpl$dleqf                              0x08005014   Section      120  dleqf.o(x$fpl$dleqf)
    x$fpl$dmul                               0x0800508c   Section      340  dmul.o(x$fpl$dmul)
    x$fpl$dnaninf                            0x080051e0   Section      156  dnaninf.o(x$fpl$dnaninf)
    x$fpl$dretinf                            0x0800527c   Section       12  dretinf.o(x$fpl$dretinf)
    x$fpl$drleqf                             0x08005288   Section      108  drleqf.o(x$fpl$drleqf)
    x$fpl$f2d                                0x080052f4   Section       86  f2d.o(x$fpl$f2d)
    x$fpl$fadd                               0x0800534c   Section      196  faddsub_clz.o(x$fpl$fadd)
    _fadd1                                   0x0800535b   Thumb Code     0  faddsub_clz.o(x$fpl$fadd)
    x$fpl$fdiv                               0x08005410   Section      388  fdiv.o(x$fpl$fdiv)
    _fdiv1                                   0x08005411   Thumb Code     0  fdiv.o(x$fpl$fdiv)
    x$fpl$ffixu                              0x08005594   Section       62  ffixu.o(x$fpl$ffixu)
    x$fpl$fflt                               0x080055d4   Section       48  fflt_clz.o(x$fpl$fflt)
    x$fpl$ffltu                              0x08005604   Section       38  fflt_clz.o(x$fpl$ffltu)
    x$fpl$fmul                               0x0800562c   Section      258  fmul.o(x$fpl$fmul)
    x$fpl$fnaninf                            0x0800572e   Section      140  fnaninf.o(x$fpl$fnaninf)
    x$fpl$fretinf                            0x080057ba   Section       10  fretinf.o(x$fpl$fretinf)
    x$fpl$frsb                               0x080057c4   Section       20  faddsub_clz.o(x$fpl$frsb)
    x$fpl$fsub                               0x080057d8   Section      234  faddsub_clz.o(x$fpl$fsub)
    _fsub1                                   0x080057e7   Thumb Code     0  faddsub_clz.o(x$fpl$fsub)
    x$fpl$printf1                            0x080058c2   Section        4  printf1.o(x$fpl$printf1)
    .constdata                               0x080058c6   Section     6080  oled.o(.constdata)
    x$fpl$usenofp                            0x080058c6   Section        0  usenofp.o(x$fpl$usenofp)
    .constdata                               0x08007086   Section       17  __printf_flags_wp.o(.constdata)
    maptable                                 0x08007086   Data          17  __printf_flags_wp.o(.constdata)
    .constdata                               0x08007098   Section      148  bigflt0.o(.constdata)
    tenpwrs_x                                0x08007098   Data          60  bigflt0.o(.constdata)
    tenpwrs_i                                0x080070d4   Data          64  bigflt0.o(.constdata)
    .conststring                             0x0800712c   Section       65  gizwits_protocol.o(.conststring)
    locale$$data                             0x08007190   Section       28  lc_numeric_c.o(locale$$data)
    __lcnum_c_name                           0x08007194   Data           2  lc_numeric_c.o(locale$$data)
    __lcnum_c_start                          0x0800719c   Data           0  lc_numeric_c.o(locale$$data)
    __lcnum_c_point                          0x080071a8   Data           0  lc_numeric_c.o(locale$$data)
    __lcnum_c_thousands                      0x080071aa   Data           0  lc_numeric_c.o(locale$$data)
    __lcnum_c_grouping                       0x080071ab   Data           0  lc_numeric_c.o(locale$$data)
    __lcnum_c_end                            0x080071ac   Data           0  lc_numeric_c.o(locale$$data)
    .data                                    0x20000000   Section        4  delay.o(.data)
    fac_us                                   0x20000000   Data           1  delay.o(.data)
    fac_ms                                   0x20000002   Data           2  delay.o(.data)
    .data                                    0x20000004   Section        6  usart.o(.data)
    .data                                    0x2000000a   Section        1  key.o(.data)
    key_up                                   0x2000000a   Data           1  key.o(.data)
    .data                                    0x2000000c   Section        4  timer.o(.data)
    .data                                    0x20000010   Section        6  peripheral.o(.data)
    .data                                    0x20000018   Section        4  pid.o(.data)
    .data                                    0x2000001c   Section        4  gizwits_product.o(.data)
    timerMsCount                             0x2000001c   Data           4  gizwits_product.o(.data)
    .data                                    0x20000020   Section       12  gizwits_protocol.o(.data)
    lastReportTime                           0x20000020   Data           4  gizwits_protocol.o(.data)
    protocolFlag                             0x20000024   Data           1  gizwits_protocol.o(.data)
    protocolCount                            0x20000026   Data           2  gizwits_protocol.o(.data)
    lastData                                 0x20000028   Data           1  gizwits_protocol.o(.data)
    debugCount                               0x20000029   Data           1  gizwits_protocol.o(.data)
    lastStatus                               0x2000002a   Data           2  gizwits_protocol.o(.data)
    .bss                                     0x2000002c   Section        9  test.o(.bss)
    .bss                                     0x20000035   Section      200  usart.o(.bss)
    .bss                                     0x200000fd   Section     1024  oled.o(.bss)
    .bss                                     0x20000500   Section       48  pid.o(.bss)
    .bss                                     0x20000530   Section       20  gizwits_product.o(.bss)
    .bss                                     0x20000544   Section      193  gizwits_protocol.o(.bss)
    rbBuf                                    0x200005e9   Data          28  gizwits_protocol.o(.bss)
    .bss                                     0x20000608   Section       96  libspace.o(.bss)
    HEAP                                     0x20000668   Section      512  startup_stm32f10x_hd.o(HEAP)
    Heap_Mem                                 0x20000668   Data         512  startup_stm32f10x_hd.o(HEAP)
    STACK                                    0x20000868   Section     4096  startup_stm32f10x_hd.o(STACK)
    Stack_Mem                                0x20000868   Data        4096  startup_stm32f10x_hd.o(STACK)
    __initial_sp                             0x20001868   Data           0  startup_stm32f10x_hd.o(STACK)

    Global Symbols

    Symbol Name                              Value     Ov Type        Size  Object(Section)

    BuildAttributes$$THM_ISAv4$P$D$K$B$S$PE$A:L22UL41UL21$X:L11$S22US41US21$IEEE1$IW$USESV6$~STKCKD$USESV7$~SHL$OTIME$ROPI$IEEEJ$EBA8$UX$STANDARDLIB$REQ8$PRES8$EABIv2 0x00000000   Number         0  anon$$obj.o ABSOLUTE
    __ARM_use_no_argv                        0x00000000   Number         0  test.o ABSOLUTE
    _printf_flags                            0x00000000   Number         0  printf_stubs.o ABSOLUTE
    _printf_return_value                     0x00000000   Number         0  printf_stubs.o ABSOLUTE
    _printf_sizespec                         0x00000000   Number         0  printf_stubs.o ABSOLUTE
    _printf_widthprec                        0x00000000   Number         0  printf_stubs.o ABSOLUTE
    __ARM_exceptions_init                     - Undefined Weak Reference
    __alloca_initialize                       - Undefined Weak Reference
    __arm_preinit_                            - Undefined Weak Reference
    __cpp_initialize__aeabi_                  - Undefined Weak Reference
    __cxa_finalize                            - Undefined Weak Reference
    __sigvec_lookup                           - Undefined Weak Reference
    _atexit_init                              - Undefined Weak Reference
    _call_atexit_fns                          - Undefined Weak Reference
    _clock_init                               - Undefined Weak Reference
    _fp_trap_init                             - Undefined Weak Reference
    _fp_trap_shutdown                         - Undefined Weak Reference
    _get_lc_collate                           - Undefined Weak Reference
    _get_lc_ctype                             - Undefined Weak Reference
    _get_lc_monetary                          - Undefined Weak Reference
    _get_lc_time                              - Undefined Weak Reference
    _getenv_init                              - Undefined Weak Reference
    _handle_redirection                       - Undefined Weak Reference
    _init_alloc                               - Undefined Weak Reference
    _init_user_alloc                          - Undefined Weak Reference
    _initio                                   - Undefined Weak Reference
    _mutex_acquire                            - Undefined Weak Reference
    _mutex_release                            - Undefined Weak Reference
    _printf_truncate_signed                   - Undefined Weak Reference
    _printf_truncate_unsigned                 - Undefined Weak Reference
    _rand_init                                - Undefined Weak Reference
    _signal_finish                            - Undefined Weak Reference
    _signal_init                              - Undefined Weak Reference
    _terminate_alloc                          - Undefined Weak Reference
    _terminate_user_alloc                     - Undefined Weak Reference
    _terminateio                              - Undefined Weak Reference
    __Vectors_Size                           0x00000130   Number         0  startup_stm32f10x_hd.o ABSOLUTE
    __Vectors                                0x08000000   Data           4  startup_stm32f10x_hd.o(RESET)
    __Vectors_End                            0x08000130   Data           0  startup_stm32f10x_hd.o(RESET)
    __main                                   0x08000131   Thumb Code     8  __main.o(!!!main)
    __scatterload                            0x08000139   Thumb Code     0  __scatter.o(!!!scatter)
    __scatterload_rt2                        0x08000139   Thumb Code    44  __scatter.o(!!!scatter)
    __scatterload_rt2_thumb_only             0x08000139   Thumb Code     0  __scatter.o(!!!scatter)
    __scatterload_null                       0x08000147   Thumb Code     0  __scatter.o(!!!scatter)
    __scatterload_copy                       0x0800016d   Thumb Code    26  __scatter_copy.o(!!handler_copy)
    __scatterload_zeroinit                   0x08000189   Thumb Code    28  __scatter_zi.o(!!handler_zi)
    _printf_f                                0x080001a5   Thumb Code     0  _printf_f.o(.ARM.Collect$$_printf_percent$$00000003)
    _printf_percent                          0x080001a5   Thumb Code     0  _printf_percent.o(.ARM.Collect$$_printf_percent$$00000000)
    _printf_d                                0x080001ab   Thumb Code     0  _printf_d.o(.ARM.Collect$$_printf_percent$$00000009)
    _printf_percent_end                      0x080001b1   Thumb Code     0  _printf_percent_end.o(.ARM.Collect$$_printf_percent$$00000017)
    __rt_lib_init                            0x080001b5   Thumb Code     0  libinit.o(.ARM.Collect$$libinit$$00000000)
    __rt_lib_init_fp_1                       0x080001b7   Thumb Code     0  libinit2.o(.ARM.Collect$$libinit$$00000002)
    __rt_lib_init_heap_1                     0x080001b7   Thumb Code     0  libinit2.o(.ARM.Collect$$libinit$$0000000A)
    __rt_lib_init_lc_common                  0x080001b7   Thumb Code     0  libinit2.o(.ARM.Collect$$libinit$$0000000F)
    __rt_lib_init_preinit_1                  0x080001b7   Thumb Code     0  libinit2.o(.ARM.Collect$$libinit$$00000004)
    __rt_lib_init_rand_1                     0x080001b7   Thumb Code     0  libinit2.o(.ARM.Collect$$libinit$$0000000E)
    __rt_lib_init_user_alloc_1               0x080001b7   Thumb Code     0  libinit2.o(.ARM.Collect$$libinit$$0000000C)
    __rt_lib_init_lc_collate_1               0x080001bd   Thumb Code     0  libinit2.o(.ARM.Collect$$libinit$$00000011)
    __rt_lib_init_lc_ctype_1                 0x080001bd   Thumb Code     0  libinit2.o(.ARM.Collect$$libinit$$00000013)
    __rt_lib_init_lc_monetary_1              0x080001bd   Thumb Code     0  libinit2.o(.ARM.Collect$$libinit$$00000015)
    __rt_lib_init_lc_numeric_2               0x080001bd   Thumb Code     0  libinit2.o(.ARM.Collect$$libinit$$00000016)
    __rt_lib_init_alloca_1                   0x080001c7   Thumb Code     0  libinit2.o(.ARM.Collect$$libinit$$0000002E)
    __rt_lib_init_argv_1                     0x080001c7   Thumb Code     0  libinit2.o(.ARM.Collect$$libinit$$0000002C)
    __rt_lib_init_atexit_1                   0x080001c7   Thumb Code     0  libinit2.o(.ARM.Collect$$libinit$$0000001B)
    __rt_lib_init_clock_1                    0x080001c7   Thumb Code     0  libinit2.o(.ARM.Collect$$libinit$$00000021)
    __rt_lib_init_cpp_1                      0x080001c7   Thumb Code     0  libinit2.o(.ARM.Collect$$libinit$$00000032)
    __rt_lib_init_exceptions_1               0x080001c7   Thumb Code     0  libinit2.o(.ARM.Collect$$libinit$$00000030)
    __rt_lib_init_fp_trap_1                  0x080001c7   Thumb Code     0  libinit2.o(.ARM.Collect$$libinit$$0000001F)
    __rt_lib_init_getenv_1                   0x080001c7   Thumb Code     0  libinit2.o(.ARM.Collect$$libinit$$00000023)
    __rt_lib_init_lc_numeric_1               0x080001c7   Thumb Code     0  libinit2.o(.ARM.Collect$$libinit$$00000017)
    __rt_lib_init_lc_time_1                  0x080001c7   Thumb Code     0  libinit2.o(.ARM.Collect$$libinit$$00000019)
    __rt_lib_init_return                     0x080001c7   Thumb Code     0  libinit2.o(.ARM.Collect$$libinit$$00000033)
    __rt_lib_init_signal_1                   0x080001c7   Thumb Code     0  libinit2.o(.ARM.Collect$$libinit$$0000001D)
    __rt_lib_init_stdio_1                    0x080001c7   Thumb Code     0  libinit2.o(.ARM.Collect$$libinit$$00000025)
    __rt_lib_shutdown                        0x080001c9   Thumb Code     0  libshutdown.o(.ARM.Collect$$libshutdown$$00000000)
    __rt_lib_shutdown_cpp_1                  0x080001cb   Thumb Code     0  libshutdown2.o(.ARM.Collect$$libshutdown$$00000002)
    __rt_lib_shutdown_fp_trap_1              0x080001cb   Thumb Code     0  libshutdown2.o(.ARM.Collect$$libshutdown$$00000007)
    __rt_lib_shutdown_heap_1                 0x080001cb   Thumb Code     0  libshutdown2.o(.ARM.Collect$$libshutdown$$0000000F)
    __rt_lib_shutdown_return                 0x080001cb   Thumb Code     0  libshutdown2.o(.ARM.Collect$$libshutdown$$00000010)
    __rt_lib_shutdown_signal_1               0x080001cb   Thumb Code     0  libshutdown2.o(.ARM.Collect$$libshutdown$$0000000A)
    __rt_lib_shutdown_stdio_1                0x080001cb   Thumb Code     0  libshutdown2.o(.ARM.Collect$$libshutdown$$00000004)
    __rt_lib_shutdown_user_alloc_1           0x080001cb   Thumb Code     0  libshutdown2.o(.ARM.Collect$$libshutdown$$0000000C)
    __rt_entry                               0x080001cd   Thumb Code     0  __rtentry.o(.ARM.Collect$$rtentry$$00000000)
    __rt_entry_presh_1                       0x080001cd   Thumb Code     0  __rtentry2.o(.ARM.Collect$$rtentry$$00000002)
    __rt_entry_sh                            0x080001cd   Thumb Code     0  __rtentry4.o(.ARM.Collect$$rtentry$$00000004)
    __rt_entry_li                            0x080001d3   Thumb Code     0  __rtentry2.o(.ARM.Collect$$rtentry$$0000000A)
    __rt_entry_postsh_1                      0x080001d3   Thumb Code     0  __rtentry2.o(.ARM.Collect$$rtentry$$00000009)
    __rt_entry_main                          0x080001d7   Thumb Code     0  __rtentry2.o(.ARM.Collect$$rtentry$$0000000D)
    __rt_entry_postli_1                      0x080001d7   Thumb Code     0  __rtentry2.o(.ARM.Collect$$rtentry$$0000000C)
    __rt_exit                                0x080001df   Thumb Code     0  rtexit.o(.ARM.Collect$$rtexit$$00000000)
    __rt_exit_ls                             0x080001e1   Thumb Code     0  rtexit2.o(.ARM.Collect$$rtexit$$00000003)
    __rt_exit_prels_1                        0x080001e1   Thumb Code     0  rtexit2.o(.ARM.Collect$$rtexit$$00000002)
    __rt_exit_exit                           0x080001e5   Thumb Code     0  rtexit2.o(.ARM.Collect$$rtexit$$00000004)
    Reset_Handler                            0x080001ed   Thumb Code     8  startup_stm32f10x_hd.o(.text)
    ADC1_2_IRQHandler                        0x08000207   Thumb Code     0  startup_stm32f10x_hd.o(.text)
    ADC3_IRQHandler                          0x08000207   Thumb Code     0  startup_stm32f10x_hd.o(.text)
    CAN1_RX1_IRQHandler                      0x08000207   Thumb Code     0  startup_stm32f10x_hd.o(.text)
    CAN1_SCE_IRQHandler                      0x08000207   Thumb Code     0  startup_stm32f10x_hd.o(.text)
    DMA1_Channel1_IRQHandler                 0x08000207   Thumb Code     0  startup_stm32f10x_hd.o(.text)
    DMA1_Channel2_IRQHandler                 0x08000207   Thumb Code     0  startup_stm32f10x_hd.o(.text)
    DMA1_Channel3_IRQHandler                 0x08000207   Thumb Code     0  startup_stm32f10x_hd.o(.text)
    DMA1_Channel4_IRQHandler                 0x08000207   Thumb Code     0  startup_stm32f10x_hd.o(.text)
    DMA1_Channel5_IRQHandler                 0x08000207   Thumb Code     0  startup_stm32f10x_hd.o(.text)
    DMA1_Channel6_IRQHandler                 0x08000207   Thumb Code     0  startup_stm32f10x_hd.o(.text)
    DMA1_Channel7_IRQHandler                 0x08000207   Thumb Code     0  startup_stm32f10x_hd.o(.text)
    DMA2_Channel1_IRQHandler                 0x08000207   Thumb Code     0  startup_stm32f10x_hd.o(.text)
    DMA2_Channel2_IRQHandler                 0x08000207   Thumb Code     0  startup_stm32f10x_hd.o(.text)
    DMA2_Channel3_IRQHandler                 0x08000207   Thumb Code     0  startup_stm32f10x_hd.o(.text)
    DMA2_Channel4_5_IRQHandler               0x08000207   Thumb Code     0  startup_stm32f10x_hd.o(.text)
    EXTI0_IRQHandler                         0x08000207   Thumb Code     0  startup_stm32f10x_hd.o(.text)
    EXTI15_10_IRQHandler                     0x08000207   Thumb Code     0  startup_stm32f10x_hd.o(.text)
    EXTI1_IRQHandler                         0x08000207   Thumb Code     0  startup_stm32f10x_hd.o(.text)
    EXTI2_IRQHandler                         0x08000207   Thumb Code     0  startup_stm32f10x_hd.o(.text)
    EXTI3_IRQHandler                         0x08000207   Thumb Code     0  startup_stm32f10x_hd.o(.text)
    EXTI4_IRQHandler                         0x08000207   Thumb Code     0  startup_stm32f10x_hd.o(.text)
    EXTI9_5_IRQHandler                       0x08000207   Thumb Code     0  startup_stm32f10x_hd.o(.text)
    FLASH_IRQHandler                         0x08000207   Thumb Code     0  startup_stm32f10x_hd.o(.text)
    FSMC_IRQHandler                          0x08000207   Thumb Code     0  startup_stm32f10x_hd.o(.text)
    I2C1_ER_IRQHandler                       0x08000207   Thumb Code     0  startup_stm32f10x_hd.o(.text)
    I2C1_EV_IRQHandler                       0x08000207   Thumb Code     0  startup_stm32f10x_hd.o(.text)
    I2C2_ER_IRQHandler                       0x08000207   Thumb Code     0  startup_stm32f10x_hd.o(.text)
    I2C2_EV_IRQHandler                       0x08000207   Thumb Code     0  startup_stm32f10x_hd.o(.text)
    PVD_IRQHandler                           0x08000207   Thumb Code     0  startup_stm32f10x_hd.o(.text)
    RCC_IRQHandler                           0x08000207   Thumb Code     0  startup_stm32f10x_hd.o(.text)
    RTCAlarm_IRQHandler                      0x08000207   Thumb Code     0  startup_stm32f10x_hd.o(.text)
    RTC_IRQHandler                           0x08000207   Thumb Code     0  startup_stm32f10x_hd.o(.text)
    SDIO_IRQHandler                          0x08000207   Thumb Code     0  startup_stm32f10x_hd.o(.text)
    SPI1_IRQHandler                          0x08000207   Thumb Code     0  startup_stm32f10x_hd.o(.text)
    SPI2_IRQHandler                          0x08000207   Thumb Code     0  startup_stm32f10x_hd.o(.text)
    SPI3_IRQHandler                          0x08000207   Thumb Code     0  startup_stm32f10x_hd.o(.text)
    TAMPER_IRQHandler                        0x08000207   Thumb Code     0  startup_stm32f10x_hd.o(.text)
    TIM1_BRK_IRQHandler                      0x08000207   Thumb Code     0  startup_stm32f10x_hd.o(.text)
    TIM1_CC_IRQHandler                       0x08000207   Thumb Code     0  startup_stm32f10x_hd.o(.text)
    TIM1_TRG_COM_IRQHandler                  0x08000207   Thumb Code     0  startup_stm32f10x_hd.o(.text)
    TIM1_UP_IRQHandler                       0x08000207   Thumb Code     0  startup_stm32f10x_hd.o(.text)
    TIM2_IRQHandler                          0x08000207   Thumb Code     0  startup_stm32f10x_hd.o(.text)
    TIM4_IRQHandler                          0x08000207   Thumb Code     0  startup_stm32f10x_hd.o(.text)
    TIM6_IRQHandler                          0x08000207   Thumb Code     0  startup_stm32f10x_hd.o(.text)
    TIM8_BRK_IRQHandler                      0x08000207   Thumb Code     0  startup_stm32f10x_hd.o(.text)
    TIM8_CC_IRQHandler                       0x08000207   Thumb Code     0  startup_stm32f10x_hd.o(.text)
    TIM8_TRG_COM_IRQHandler                  0x08000207   Thumb Code     0  startup_stm32f10x_hd.o(.text)
    TIM8_UP_IRQHandler                       0x08000207   Thumb Code     0  startup_stm32f10x_hd.o(.text)
    UART4_IRQHandler                         0x08000207   Thumb Code     0  startup_stm32f10x_hd.o(.text)
    UART5_IRQHandler                         0x08000207   Thumb Code     0  startup_stm32f10x_hd.o(.text)
    USART2_IRQHandler                        0x08000207   Thumb Code     0  startup_stm32f10x_hd.o(.text)
    USBWakeUp_IRQHandler                     0x08000207   Thumb Code     0  startup_stm32f10x_hd.o(.text)
    USB_HP_CAN1_TX_IRQHandler                0x08000207   Thumb Code     0  startup_stm32f10x_hd.o(.text)
    USB_LP_CAN1_RX0_IRQHandler               0x08000207   Thumb Code     0  startup_stm32f10x_hd.o(.text)
    WWDG_IRQHandler                          0x08000207   Thumb Code     0  startup_stm32f10x_hd.o(.text)
    __user_initial_stackheap                 0x08000209   Thumb Code     0  startup_stm32f10x_hd.o(.text)
    __use_no_semihosting                     0x0800022d   Thumb Code     2  use_no_semi_2.o(.text)
    __2printf                                0x08000231   Thumb Code    20  noretval__2printf.o(.text)
    _printf_pre_padding                      0x08000249   Thumb Code    44  _printf_pad.o(.text)
    _printf_post_padding                     0x08000275   Thumb Code    34  _printf_pad.o(.text)
    _printf_int_dec                          0x08000299   Thumb Code   104  _printf_dec.o(.text)
    __printf                                 0x08000311   Thumb Code   308  __printf_flags_wp.o(.text)
    __aeabi_memcpy                           0x08000449   Thumb Code     0  rt_memcpy_v6.o(.text)
    __rt_memcpy                              0x08000449   Thumb Code   138  rt_memcpy_v6.o(.text)
    _memcpy_lastbytes                        0x080004af   Thumb Code     0  rt_memcpy_v6.o(.text)
    __aeabi_memcpy4                          0x080004d3   Thumb Code     0  rt_memcpy_w.o(.text)
    __aeabi_memcpy8                          0x080004d3   Thumb Code     0  rt_memcpy_w.o(.text)
    __rt_memcpy_w                            0x080004d3   Thumb Code   100  rt_memcpy_w.o(.text)
    _memcpy_lastbytes_aligned                0x0800051b   Thumb Code     0  rt_memcpy_w.o(.text)
    __aeabi_memclr                           0x08000537   Thumb Code     0  rt_memclr.o(.text)
    __rt_memclr                              0x08000537   Thumb Code    68  rt_memclr.o(.text)
    _memset                                  0x0800053b   Thumb Code     0  rt_memclr.o(.text)
    __use_two_region_memory                  0x0800057b   Thumb Code     2  heapauxi.o(.text)
    __rt_heap_escrow$2region                 0x0800057d   Thumb Code     2  heapauxi.o(.text)
    __rt_heap_expand$2region                 0x0800057f   Thumb Code     2  heapauxi.o(.text)
    __I$use$semihosting                      0x08000581   Thumb Code     0  use_no_semi.o(.text)
    __use_no_semihosting_swi                 0x08000581   Thumb Code     2  use_no_semi.o(.text)
    _printf_int_common                       0x08000583   Thumb Code   178  _printf_intcommon.o(.text)
    __lib_sel_fp_printf                      0x08000635   Thumb Code     2  _printf_fp_dec.o(.text)
    _printf_fp_dec_real                      0x080007e3   Thumb Code   620  _printf_fp_dec.o(.text)
    _printf_char_file                        0x08000a51   Thumb Code    32  _printf_char_file.o(.text)
    __aeabi_memclr4                          0x08000a75   Thumb Code     0  rt_memclr_w.o(.text)
    __aeabi_memclr8                          0x08000a75   Thumb Code     0  rt_memclr_w.o(.text)
    __rt_memclr_w                            0x08000a75   Thumb Code    78  rt_memclr_w.o(.text)
    _memset_w                                0x08000a79   Thumb Code     0  rt_memclr_w.o(.text)
    __rt_locale                              0x08000ac5   Thumb Code     8  rt_locale_intlibspace.o(.text)
    _ll_udiv10                               0x08000acd   Thumb Code   138  lludiv10.o(.text)
    _printf_char_common                      0x08000b63   Thumb Code    32  _printf_char_common.o(.text)
    _printf_fp_infnan                        0x08000b89   Thumb Code   112  _printf_fp_infnan.o(.text)
    _btod_etento                             0x08000c09   Thumb Code   216  bigflt0.o(.text)
    ferror                                   0x08000ce5   Thumb Code     8  ferror.o(.text)
    __user_libspace                          0x08000ced   Thumb Code     8  libspace.o(.text)
    __user_perproc_libspace                  0x08000ced   Thumb Code     0  libspace.o(.text)
    __user_perthread_libspace                0x08000ced   Thumb Code     0  libspace.o(.text)
    __user_setup_stackheap                   0x08000cf5   Thumb Code    74  sys_stackheap_outer.o(.text)
    exit                                     0x08000d3f   Thumb Code    18  exit.o(.text)
    strcmp                                   0x08000d51   Thumb Code   128  strcmpv7m.o(.text)
    _btod_d2e                                0x08000dd1   Thumb Code    62  btod.o(CL$$btod_d2e)
    _d2e_denorm_low                          0x08000e0f   Thumb Code    70  btod.o(CL$$btod_d2e_denorm_low)
    _d2e_norm_op1                            0x08000e55   Thumb Code    96  btod.o(CL$$btod_d2e_norm_op1)
    __btod_div_common                        0x08000eb5   Thumb Code   696  btod.o(CL$$btod_div_common)
    _e2e                                     0x080011ed   Thumb Code   198  btod.o(CL$$btod_e2e)
    _btod_ediv                               0x080012b3   Thumb Code    40  btod.o(CL$$btod_ediv)
    _btod_emul                               0x080012db   Thumb Code    40  btod.o(CL$$btod_emul)
    __btod_mult_common                       0x08001303   Thumb Code   580  btod.o(CL$$btod_mult_common)
    BusFault_Handler                         0x08001547   Thumb Code     4  stm32f10x_it.o(i.BusFault_Handler)
    DS18B20_Check                            0x0800154d   Thumb Code    92  ds18b20.o(i.DS18B20_Check)
    DS18B20_Get_Temp                         0x080015b1   Thumb Code   136  ds18b20.o(i.DS18B20_Get_Temp)
    DS18B20_Init                             0x0800163d   Thumb Code    58  ds18b20.o(i.DS18B20_Init)
    DS18B20_Read_Bit                         0x0800167d   Thumb Code    96  ds18b20.o(i.DS18B20_Read_Bit)
    DS18B20_Read_Byte                        0x080016e9   Thumb Code    34  ds18b20.o(i.DS18B20_Read_Byte)
    DS18B20_Rst                              0x0800170d   Thumb Code    54  ds18b20.o(i.DS18B20_Rst)
    DS18B20_Start                            0x08001751   Thumb Code    24  ds18b20.o(i.DS18B20_Start)
    DS18B20_Write_Byte                       0x08001769   Thumb Code   102  ds18b20.o(i.DS18B20_Write_Byte)
    DebugMon_Handler                         0x080017dd   Thumb Code     2  stm32f10x_it.o(i.DebugMon_Handler)
    GPIO_Init                                0x080017df   Thumb Code   278  stm32f10x_gpio.o(i.GPIO_Init)
    GPIO_ResetBits                           0x080018f5   Thumb Code     4  stm32f10x_gpio.o(i.GPIO_ResetBits)
    GPIO_SetBits                             0x080018f9   Thumb Code     4  stm32f10x_gpio.o(i.GPIO_SetBits)
    Gizwits_Init                             0x080018fd   Thumb Code    38  test.o(i.Gizwits_Init)
    HardFault_Handler                        0x08001929   Thumb Code     4  stm32f10x_it.o(i.HardFault_Handler)
    INTX_DISABLE                             0x0800192d   Thumb Code     4  sys.o(i.INTX_DISABLE)
    KEY_Init                                 0x08001931   Thumb Code    86  key.o(i.KEY_Init)
    KEY_Scan                                 0x0800199d   Thumb Code   150  key.o(i.KEY_Scan)
    KEY_Task                                 0x08001a41   Thumb Code    84  test.o(i.KEY_Task)
    LED_Init                                 0x08001add   Thumb Code   100  led.o(i.LED_Init)
    MY_NVIC_Init                             0x08001b4d   Thumb Code   116  sys.o(i.MY_NVIC_Init)
    MY_NVIC_PriorityGroupConfig              0x08001bc5   Thumb Code    32  sys.o(i.MY_NVIC_PriorityGroupConfig)
    MemManage_Handler                        0x08001bed   Thumb Code     4  stm32f10x_it.o(i.MemManage_Handler)
    NMI_Handler                              0x08001bf1   Thumb Code     2  stm32f10x_it.o(i.NMI_Handler)
    OLED_Clear                               0x08001bf5   Thumb Code    42  oled.o(i.OLED_Clear)
    OLED_DrawPoint                           0x08001c25   Thumb Code   100  oled.o(i.OLED_DrawPoint)
    OLED_Init                                0x08001c8d   Thumb Code   374  oled.o(i.OLED_Init)
    OLED_Refresh_Gram                        0x08001e31   Thumb Code    70  oled.o(i.OLED_Refresh_Gram)
    OLED_ShowChar                            0x08001e7d   Thumb Code   254  oled.o(i.OLED_ShowChar)
    OLED_ShowNum                             0x08001f89   Thumb Code   148  oled.o(i.OLED_ShowNum)
    OLED_ShowString                          0x0800201d   Thumb Code    94  oled.o(i.OLED_ShowString)
    OLED_WR_Byte                             0x0800207d   Thumb Code    50  oled.o(i.OLED_WR_Byte)
    PendSV_Handler                           0x080020c1   Thumb Code     2  stm32f10x_it.o(i.PendSV_Handler)
    RCC_APB1PeriphClockCmd                   0x080020c5   Thumb Code    26  stm32f10x_rcc.o(i.RCC_APB1PeriphClockCmd)
    RCC_APB2PeriphClockCmd                   0x080020e5   Thumb Code    26  stm32f10x_rcc.o(i.RCC_APB2PeriphClockCmd)
    SVC_Handler                              0x08002105   Thumb Code     2  stm32f10x_it.o(i.SVC_Handler)
    SysTick_Handler                          0x080021f1   Thumb Code     2  stm32f10x_it.o(i.SysTick_Handler)
    Sys_Soft_Reset                           0x080021f5   Thumb Code     8  sys.o(i.Sys_Soft_Reset)
    SystemInit                               0x08002205   Thumb Code    78  system_stm32f10x.o(i.SystemInit)
    TIM3_IRQHandler                          0x08002265   Thumb Code    30  timer.o(i.TIM3_IRQHandler)
    TIM3_Int_Init                            0x08002289   Thumb Code    72  timer.o(i.TIM3_Int_Init)
    TIM5_IRQHandler                          0x080022d9   Thumb Code   182  timer.o(i.TIM5_IRQHandler)
    TIM7_IRQHandler                          0x0800239d   Thumb Code    40  pid.o(i.TIM7_IRQHandler)
    TIM_ClearFlag                            0x080023c9   Thumb Code     6  stm32f10x_tim.o(i.TIM_ClearFlag)
    TIM_ClearITPendingBit                    0x080023cf   Thumb Code     6  stm32f10x_tim.o(i.TIM_ClearITPendingBit)
    TIM_Cmd                                  0x080023d5   Thumb Code    24  stm32f10x_tim.o(i.TIM_Cmd)
    TIM_GetITStatus                          0x080023ed   Thumb Code    34  stm32f10x_tim.o(i.TIM_GetITStatus)
    TIM_ITConfig                             0x0800240f   Thumb Code    18  stm32f10x_tim.o(i.TIM_ITConfig)
    TIM_OC2Init                              0x08002421   Thumb Code   154  stm32f10x_tim.o(i.TIM_OC2Init)
    TIM_OC2PreloadConfig                     0x080024c5   Thumb Code    26  stm32f10x_tim.o(i.TIM_OC2PreloadConfig)
    TIM_SetCompare2                          0x080024df   Thumb Code     4  stm32f10x_tim.o(i.TIM_SetCompare2)
    TIM_TimeBaseInit                         0x080024e5   Thumb Code   122  stm32f10x_tim.o(i.TIM_TimeBaseInit)
    USART1_IRQHandler                        0x08002589   Thumb Code   118  usart.o(i.USART1_IRQHandler)
    USART3_IRQHandler                        0x0800260d   Thumb Code    32  usart3.o(i.USART3_IRQHandler)
    UsageFault_Handler                       0x08002631   Thumb Code     4  stm32f10x_it.o(i.UsageFault_Handler)
    __ARM_fpclassify                         0x08002635   Thumb Code    40  fpclassify.o(i.__ARM_fpclassify)
    _is_digit                                0x0800265d   Thumb Code    14  __printf_wp.o(i._is_digit)
    _sys_exit                                0x0800266b   Thumb Code     4  usart.o(i._sys_exit)
    calcFrequency                            0x08002671   Thumb Code   146  pid.o(i.calcFrequency)
    calcVolt                                 0x08002719   Thumb Code     2  pid.o(i.calcVolt)
    delay_init                               0x0800271d   Thumb Code    56  delay.o(i.delay_init)
    delay_ms                                 0x0800275d   Thumb Code    56  delay.o(i.delay_ms)
    delay_us                                 0x08002799   Thumb Code    56  delay.o(i.delay_us)
    fputc                                    0x080027d5   Thumb Code    24  usart.o(i.fputc)
    gizGetTimerCount                         0x08002d45   Thumb Code     6  gizwits_product.o(i.gizGetTimerCount)
    gizPutData                               0x08003c0d   Thumb Code    52  gizwits_protocol.o(i.gizPutData)
    gizTimerMs                               0x08003d59   Thumb Code    12  gizwits_product.o(i.gizTimerMs)
    gizwitsEventProcess                      0x08003d85   Thumb Code   456  gizwits_product.o(i.gizwitsEventProcess)
    gizwitsHandle                            0x08003fe1   Thumb Code   450  gizwits_protocol.o(i.gizwitsHandle)
    gizwitsInit                              0x08004269   Thumb Code    28  gizwits_protocol.o(i.gizwitsInit)
    gizwitsSetMode                           0x08004291   Thumb Code   500  gizwits_protocol.o(i.gizwitsSetMode)
    main                                     0x080044c1   Thumb Code   450  test.o(i.main)
    mcuRestart                               0x08004759   Thumb Code    12  gizwits_product.o(i.mcuRestart)
    mypow                                    0x08004765   Thumb Code    22  oled.o(i.mypow)
    peripheral_init                          0x0800477d   Thumb Code   242  peripheral.o(i.peripheral_init)
    pid_IT_Init                              0x0800488d   Thumb Code   118  pid.o(i.pid_IT_Init)
    setFrequency                             0x08004c0d   Thumb Code   308  peripheral.o(i.setFrequency)
    setVolt                                  0x08004dad   Thumb Code     2  peripheral.o(i.setVolt)
    uartWrite                                0x08004db1   Thumb Code    82  gizwits_product.o(i.uartWrite)
    uart_init                                0x08004e09   Thumb Code   202  usart.o(i.uart_init)
    usart3_init                              0x08004ee5   Thumb Code   124  usart3.o(i.usart3_init)
    _get_lc_numeric                          0x08004f71   Thumb Code    44  lc_numeric_c.o(locale$$code)
    __fpl_dcmp_Inf                           0x08004f9d   Thumb Code    24  dcmpi.o(x$fpl$dcmpinf)
    __aeabi_d2iz                             0x08004fb5   Thumb Code     0  dfix.o(x$fpl$dfix)
    _dfix                                    0x08004fb5   Thumb Code    94  dfix.o(x$fpl$dfix)
    __aeabi_cdcmple                          0x08005015   Thumb Code     0  dleqf.o(x$fpl$dleqf)
    _dcmple                                  0x08005015   Thumb Code   120  dleqf.o(x$fpl$dleqf)
    __fpl_dcmple_InfNaN                      0x08005077   Thumb Code     0  dleqf.o(x$fpl$dleqf)
    __aeabi_dmul                             0x0800508d   Thumb Code     0  dmul.o(x$fpl$dmul)
    _dmul                                    0x0800508d   Thumb Code   332  dmul.o(x$fpl$dmul)
    __fpl_dnaninf                            0x080051e1   Thumb Code   156  dnaninf.o(x$fpl$dnaninf)
    __fpl_dretinf                            0x0800527d   Thumb Code    12  dretinf.o(x$fpl$dretinf)
    __aeabi_cdrcmple                         0x08005289   Thumb Code     0  drleqf.o(x$fpl$drleqf)
    _drcmple                                 0x08005289   Thumb Code   108  drleqf.o(x$fpl$drleqf)
    __aeabi_f2d                              0x080052f5   Thumb Code     0  f2d.o(x$fpl$f2d)
    _f2d                                     0x080052f5   Thumb Code    86  f2d.o(x$fpl$f2d)
    __aeabi_fadd                             0x0800534d   Thumb Code     0  faddsub_clz.o(x$fpl$fadd)
    _fadd                                    0x0800534d   Thumb Code   196  faddsub_clz.o(x$fpl$fadd)
    __aeabi_fdiv                             0x08005411   Thumb Code     0  fdiv.o(x$fpl$fdiv)
    _fdiv                                    0x08005411   Thumb Code   384  fdiv.o(x$fpl$fdiv)
    __aeabi_f2uiz                            0x08005595   Thumb Code     0  ffixu.o(x$fpl$ffixu)
    _ffixu                                   0x08005595   Thumb Code    62  ffixu.o(x$fpl$ffixu)
    __aeabi_i2f                              0x080055d5   Thumb Code     0  fflt_clz.o(x$fpl$fflt)
    _fflt                                    0x080055d5   Thumb Code    48  fflt_clz.o(x$fpl$fflt)
    __aeabi_ui2f                             0x08005605   Thumb Code     0  fflt_clz.o(x$fpl$ffltu)
    _ffltu                                   0x08005605   Thumb Code    38  fflt_clz.o(x$fpl$ffltu)
    __aeabi_fmul                             0x0800562d   Thumb Code     0  fmul.o(x$fpl$fmul)
    _fmul                                    0x0800562d   Thumb Code   258  fmul.o(x$fpl$fmul)
    __fpl_fnaninf                            0x0800572f   Thumb Code   140  fnaninf.o(x$fpl$fnaninf)
    __fpl_fretinf                            0x080057bb   Thumb Code    10  fretinf.o(x$fpl$fretinf)
    __aeabi_frsub                            0x080057c5   Thumb Code     0  faddsub_clz.o(x$fpl$frsb)
    _frsb                                    0x080057c5   Thumb Code    20  faddsub_clz.o(x$fpl$frsb)
    __aeabi_fsub                             0x080057d9   Thumb Code     0  faddsub_clz.o(x$fpl$fsub)
    _fsub                                    0x080057d9   Thumb Code   234  faddsub_clz.o(x$fpl$fsub)
    _printf_fp_dec                           0x080058c3   Thumb Code     4  printf1.o(x$fpl$printf1)
    __I$use$fp                               0x080058c6   Number         0  usenofp.o(x$fpl$usenofp)
    asc2_1206                                0x080058c6   Data        1140  oled.o(.constdata)
    asc2_1608                                0x08005d3a   Data        1520  oled.o(.constdata)
    asc2_2412                                0x0800632a   Data        3420  oled.o(.constdata)
    Region$$Table$$Base                      0x08007170   Number         0  anon$$obj.o(Region$$Table)
    Region$$Table$$Limit                     0x08007190   Number         0  anon$$obj.o(Region$$Table)
    __stdout                                 0x20000004   Data           4  usart.o(.data)
    USART_RX_STA                             0x20000008   Data           2  usart.o(.data)
    TIM5CH1_CAPTURE_STA                      0x2000000c   Data           1  timer.o(.data)
    TIM5CH1_CAPTURE_VAL                      0x2000000e   Data           2  timer.o(.data)
    warming_ccr                              0x20000010   Data           2  peripheral.o(.data)
    GPIO_InitStructure                       0x20000012   Data           4  peripheral.o(.data)
    warming_frequency                        0x20000018   Data           4  pid.o(.data)
    currentDataPoint                         0x2000002c   Data           9  test.o(.bss)
    USART_RX_BUF                             0x20000035   Data         200  usart.o(.bss)
    OLED_GRAM                                0x200000fd   Data        1024  oled.o(.bss)
    warming_PIDConstStruct                   0x20000500   Data          12  pid.o(.bss)
    cooling_PIDConstStruct                   0x2000050c   Data          12  pid.o(.bss)
    warming_diffStruct                       0x20000518   Data          12  pid.o(.bss)
    cooling_diffStruct                       0x20000524   Data          12  pid.o(.bss)
    ControlData                              0x20000530   Data          20  gizwits_product.o(.bss)
    gizwitsProtocol                          0x20000544   Data         149  gizwits_protocol.o(.bss)
    pRb                                      0x200005d9   Data          16  gizwits_protocol.o(.bss)
    __libspace_start                         0x20000608   Data          96  libspace.o(.bss)
    __temporary_stack_top$libspace           0x20000668   Data           0  libspace.o(.bss)



==============================================================================

Memory Map of the image

  Image Entry point : 0x08000131

  Load Region LR_IROM1 (Base: 0x08000000, Size: 0x000071d8, Max: 0x00080000, ABSOLUTE)

    Execution Region ER_IROM1 (Base: 0x08000000, Size: 0x000071ac, Max: 0x00080000, ABSOLUTE)

    Base Addr    Size         Type   Attr      Idx    E Section Name        Object

    0x08000000   0x00000130   Data   RO         1065    RESET               startup_stm32f10x_hd.o
    0x08000130   0x00000008   Code   RO         2707  * !!!main             c_w.l(__main.o)
    0x08000138   0x00000034   Code   RO         2979    !!!scatter          c_w.l(__scatter.o)
    0x0800016c   0x0000001a   Code   RO         2981    !!handler_copy      c_w.l(__scatter_copy.o)
    0x08000186   0x00000002   PAD
    0x08000188   0x0000001c   Code   RO         2983    !!handler_zi        c_w.l(__scatter_zi.o)
    0x080001a4   0x00000000   Code   RO         2698    .ARM.Collect$$_printf_percent$$00000000  c_w.l(_printf_percent.o)
    0x080001a4   0x00000006   Code   RO         2697    .ARM.Collect$$_printf_percent$$00000003  c_w.l(_printf_f.o)
    0x080001aa   0x00000006   Code   RO         2696    .ARM.Collect$$_printf_percent$$00000009  c_w.l(_printf_d.o)
    0x080001b0   0x00000004   Code   RO         2764    .ARM.Collect$$_printf_percent$$00000017  c_w.l(_printf_percent_end.o)
    0x080001b4   0x00000002   Code   RO         2856    .ARM.Collect$$libinit$$00000000  c_w.l(libinit.o)
    0x080001b6   0x00000000   Code   RO         2858    .ARM.Collect$$libinit$$00000002  c_w.l(libinit2.o)
    0x080001b6   0x00000000   Code   RO         2860    .ARM.Collect$$libinit$$00000004  c_w.l(libinit2.o)
    0x080001b6   0x00000000   Code   RO         2863    .ARM.Collect$$libinit$$0000000A  c_w.l(libinit2.o)
    0x080001b6   0x00000000   Code   RO         2865    .ARM.Collect$$libinit$$0000000C  c_w.l(libinit2.o)
    0x080001b6   0x00000000   Code   RO         2867    .ARM.Collect$$libinit$$0000000E  c_w.l(libinit2.o)
    0x080001b6   0x00000006   Code   RO         2868    .ARM.Collect$$libinit$$0000000F  c_w.l(libinit2.o)
    0x080001bc   0x00000000   Code   RO         2870    .ARM.Collect$$libinit$$00000011  c_w.l(libinit2.o)
    0x080001bc   0x00000000   Code   RO         2872    .ARM.Collect$$libinit$$00000013  c_w.l(libinit2.o)
    0x080001bc   0x00000000   Code   RO         2874    .ARM.Collect$$libinit$$00000015  c_w.l(libinit2.o)
    0x080001bc   0x0000000a   Code   RO         2875    .ARM.Collect$$libinit$$00000016  c_w.l(libinit2.o)
    0x080001c6   0x00000000   Code   RO         2876    .ARM.Collect$$libinit$$00000017  c_w.l(libinit2.o)
    0x080001c6   0x00000000   Code   RO         2878    .ARM.Collect$$libinit$$00000019  c_w.l(libinit2.o)
    0x080001c6   0x00000000   Code   RO         2880    .ARM.Collect$$libinit$$0000001B  c_w.l(libinit2.o)
    0x080001c6   0x00000000   Code   RO         2882    .ARM.Collect$$libinit$$0000001D  c_w.l(libinit2.o)
    0x080001c6   0x00000000   Code   RO         2884    .ARM.Collect$$libinit$$0000001F  c_w.l(libinit2.o)
    0x080001c6   0x00000000   Code   RO         2886    .ARM.Collect$$libinit$$00000021  c_w.l(libinit2.o)
    0x080001c6   0x00000000   Code   RO         2888    .ARM.Collect$$libinit$$00000023  c_w.l(libinit2.o)
    0x080001c6   0x00000000   Code   RO         2890    .ARM.Collect$$libinit$$00000025  c_w.l(libinit2.o)
    0x080001c6   0x00000000   Code   RO         2894    .ARM.Collect$$libinit$$0000002C  c_w.l(libinit2.o)
    0x080001c6   0x00000000   Code   RO         2896    .ARM.Collect$$libinit$$0000002E  c_w.l(libinit2.o)
    0x080001c6   0x00000000   Code   RO         2898    .ARM.Collect$$libinit$$00000030  c_w.l(libinit2.o)
    0x080001c6   0x00000000   Code   RO         2900    .ARM.Collect$$libinit$$00000032  c_w.l(libinit2.o)
    0x080001c6   0x00000002   Code   RO         2901    .ARM.Collect$$libinit$$00000033  c_w.l(libinit2.o)
    0x080001c8   0x00000002   Code   RO         2929    .ARM.Collect$$libshutdown$$00000000  c_w.l(libshutdown.o)
    0x080001ca   0x00000000   Code   RO         2938    .ARM.Collect$$libshutdown$$00000002  c_w.l(libshutdown2.o)
    0x080001ca   0x00000000   Code   RO         2940    .ARM.Collect$$libshutdown$$00000004  c_w.l(libshutdown2.o)
    0x080001ca   0x00000000   Code   RO         2943    .ARM.Collect$$libshutdown$$00000007  c_w.l(libshutdown2.o)
    0x080001ca   0x00000000   Code   RO         2946    .ARM.Collect$$libshutdown$$0000000A  c_w.l(libshutdown2.o)
    0x080001ca   0x00000000   Code   RO         2948    .ARM.Collect$$libshutdown$$0000000C  c_w.l(libshutdown2.o)
    0x080001ca   0x00000000   Code   RO         2951    .ARM.Collect$$libshutdown$$0000000F  c_w.l(libshutdown2.o)
    0x080001ca   0x00000002   Code   RO         2952    .ARM.Collect$$libshutdown$$00000010  c_w.l(libshutdown2.o)
    0x080001cc   0x00000000   Code   RO         2757    .ARM.Collect$$rtentry$$00000000  c_w.l(__rtentry.o)
    0x080001cc   0x00000000   Code   RO         2779    .ARM.Collect$$rtentry$$00000002  c_w.l(__rtentry2.o)
    0x080001cc   0x00000006   Code   RO         2791    .ARM.Collect$$rtentry$$00000004  c_w.l(__rtentry4.o)
    0x080001d2   0x00000000   Code   RO         2781    .ARM.Collect$$rtentry$$00000009  c_w.l(__rtentry2.o)
    0x080001d2   0x00000004   Code   RO         2782    .ARM.Collect$$rtentry$$0000000A  c_w.l(__rtentry2.o)
    0x080001d6   0x00000000   Code   RO         2784    .ARM.Collect$$rtentry$$0000000C  c_w.l(__rtentry2.o)
    0x080001d6   0x00000008   Code   RO         2785    .ARM.Collect$$rtentry$$0000000D  c_w.l(__rtentry2.o)
    0x080001de   0x00000002   Code   RO         2902    .ARM.Collect$$rtexit$$00000000  c_w.l(rtexit.o)
    0x080001e0   0x00000000   Code   RO         2909    .ARM.Collect$$rtexit$$00000002  c_w.l(rtexit2.o)
    0x080001e0   0x00000004   Code   RO         2910    .ARM.Collect$$rtexit$$00000003  c_w.l(rtexit2.o)
    0x080001e4   0x00000006   Code   RO         2911    .ARM.Collect$$rtexit$$00000004  c_w.l(rtexit2.o)
    0x080001ea   0x00000002   PAD
    0x080001ec   0x00000040   Code   RO         1066    .text               startup_stm32f10x_hd.o
    0x0800022c   0x00000002   Code   RO         2664    .text               c_w.l(use_no_semi_2.o)
    0x0800022e   0x00000002   PAD
    0x08000230   0x00000018   Code   RO         2668    .text               c_w.l(noretval__2printf.o)
    0x08000248   0x0000004e   Code   RO         2672    .text               c_w.l(_printf_pad.o)
    0x08000296   0x00000002   PAD
    0x08000298   0x00000078   Code   RO         2674    .text               c_w.l(_printf_dec.o)
    0x08000310   0x00000138   Code   RO         2688    .text               c_w.l(__printf_flags_wp.o)
    0x08000448   0x0000008a   Code   RO         2699    .text               c_w.l(rt_memcpy_v6.o)
    0x080004d2   0x00000064   Code   RO         2701    .text               c_w.l(rt_memcpy_w.o)
    0x08000536   0x00000044   Code   RO         2703    .text               c_w.l(rt_memclr.o)
    0x0800057a   0x00000006   Code   RO         2705    .text               c_w.l(heapauxi.o)
    0x08000580   0x00000002   Code   RO         2755    .text               c_w.l(use_no_semi.o)
    0x08000582   0x000000b2   Code   RO         2758    .text               c_w.l(_printf_intcommon.o)
    0x08000634   0x0000041a   Code   RO         2760    .text               c_w.l(_printf_fp_dec.o)
    0x08000a4e   0x00000002   PAD
    0x08000a50   0x00000024   Code   RO         2762    .text               c_w.l(_printf_char_file.o)
    0x08000a74   0x0000004e   Code   RO         2765    .text               c_w.l(rt_memclr_w.o)
    0x08000ac2   0x00000002   PAD
    0x08000ac4   0x00000008   Code   RO         2796    .text               c_w.l(rt_locale_intlibspace.o)
    0x08000acc   0x0000008a   Code   RO         2798    .text               c_w.l(lludiv10.o)
    0x08000b56   0x00000002   PAD
    0x08000b58   0x00000030   Code   RO         2800    .text               c_w.l(_printf_char_common.o)
    0x08000b88   0x00000080   Code   RO         2802    .text               c_w.l(_printf_fp_infnan.o)
    0x08000c08   0x000000dc   Code   RO         2804    .text               c_w.l(bigflt0.o)
    0x08000ce4   0x00000008   Code   RO         2829    .text               c_w.l(ferror.o)
    0x08000cec   0x00000008   Code   RO         2840    .text               c_w.l(libspace.o)
    0x08000cf4   0x0000004a   Code   RO         2843    .text               c_w.l(sys_stackheap_outer.o)
    0x08000d3e   0x00000012   Code   RO         2847    .text               c_w.l(exit.o)
    0x08000d50   0x00000080   Code   RO         2849    .text               c_w.l(strcmpv7m.o)
    0x08000dd0   0x0000003e   Code   RO         2807    CL$$btod_d2e        c_w.l(btod.o)
    0x08000e0e   0x00000046   Code   RO         2809    CL$$btod_d2e_denorm_low  c_w.l(btod.o)
    0x08000e54   0x00000060   Code   RO         2808    CL$$btod_d2e_norm_op1  c_w.l(btod.o)
    0x08000eb4   0x00000338   Code   RO         2817    CL$$btod_div_common  c_w.l(btod.o)
    0x080011ec   0x000000c6   Code   RO         2814    CL$$btod_e2e        c_w.l(btod.o)
    0x080012b2   0x00000028   Code   RO         2811    CL$$btod_ediv       c_w.l(btod.o)
    0x080012da   0x00000028   Code   RO         2810    CL$$btod_emul       c_w.l(btod.o)
    0x08001302   0x00000244   Code   RO         2816    CL$$btod_mult_common  c_w.l(btod.o)
    0x08001546   0x00000004   Code   RO          210    i.BusFault_Handler  stm32f10x_it.o
    0x0800154a   0x00000002   PAD
    0x0800154c   0x00000064   Code   RO          563    i.DS18B20_Check     ds18b20.o
    0x080015b0   0x0000008c   Code   RO          564    i.DS18B20_Get_Temp  ds18b20.o
    0x0800163c   0x00000040   Code   RO          565    i.DS18B20_Init      ds18b20.o
    0x0800167c   0x0000006c   Code   RO          566    i.DS18B20_Read_Bit  ds18b20.o
    0x080016e8   0x00000022   Code   RO          567    i.DS18B20_Read_Byte  ds18b20.o
    0x0800170a   0x00000002   PAD
    0x0800170c   0x00000044   Code   RO          568    i.DS18B20_Rst       ds18b20.o
    0x08001750   0x00000018   Code   RO          569    i.DS18B20_Start     ds18b20.o
    0x08001768   0x00000074   Code   RO          570    i.DS18B20_Write_Byte  ds18b20.o
    0x080017dc   0x00000002   Code   RO          211    i.DebugMon_Handler  stm32f10x_it.o
    0x080017de   0x00000116   Code   RO         1434    i.GPIO_Init         stm32f10x_gpio.o
    0x080018f4   0x00000004   Code   RO         1441    i.GPIO_ResetBits    stm32f10x_gpio.o
    0x080018f8   0x00000004   Code   RO         1442    i.GPIO_SetBits      stm32f10x_gpio.o
    0x080018fc   0x0000002c   Code   RO            1    i.Gizwits_Init      test.o
    0x08001928   0x00000004   Code   RO          212    i.HardFault_Handler  stm32f10x_it.o
    0x0800192c   0x00000004   Code   RO          301    i.INTX_DISABLE      sys.o
    0x08001930   0x0000006c   Code   RO          477    i.KEY_Init          key.o
    0x0800199c   0x000000a4   Code   RO          478    i.KEY_Scan          key.o
    0x08001a40   0x0000009c   Code   RO            2    i.KEY_Task          test.o
    0x08001adc   0x00000070   Code   RO          423    i.LED_Init          led.o
    0x08001b4c   0x00000078   Code   RO          305    i.MY_NVIC_Init      sys.o
    0x08001bc4   0x00000028   Code   RO          306    i.MY_NVIC_PriorityGroupConfig  sys.o
    0x08001bec   0x00000004   Code   RO          213    i.MemManage_Handler  stm32f10x_it.o
    0x08001bf0   0x00000002   Code   RO          214    i.NMI_Handler       stm32f10x_it.o
    0x08001bf2   0x00000002   PAD
    0x08001bf4   0x00000030   Code   RO          617    i.OLED_Clear        oled.o
    0x08001c24   0x00000068   Code   RO          620    i.OLED_DrawPoint    oled.o
    0x08001c8c   0x000001a4   Code   RO          622    i.OLED_Init         oled.o
    0x08001e30   0x0000004c   Code   RO          623    i.OLED_Refresh_Gram  oled.o
    0x08001e7c   0x0000010c   Code   RO          624    i.OLED_ShowChar     oled.o
    0x08001f88   0x00000094   Code   RO          625    i.OLED_ShowNum      oled.o
    0x0800201c   0x0000005e   Code   RO          626    i.OLED_ShowString   oled.o
    0x0800207a   0x00000002   PAD
    0x0800207c   0x00000044   Code   RO          627    i.OLED_WR_Byte      oled.o
    0x080020c0   0x00000002   Code   RO          215    i.PendSV_Handler    stm32f10x_it.o
    0x080020c2   0x00000002   PAD
    0x080020c4   0x00000020   Code   RO         1646    i.RCC_APB1PeriphClockCmd  stm32f10x_rcc.o
    0x080020e4   0x00000020   Code   RO         1648    i.RCC_APB2PeriphClockCmd  stm32f10x_rcc.o
    0x08002104   0x00000002   Code   RO          216    i.SVC_Handler       stm32f10x_it.o
    0x08002106   0x00000008   Code   RO          176    i.SetSysClock       system_stm32f10x.o
    0x0800210e   0x00000002   PAD
    0x08002110   0x000000e0   Code   RO          177    i.SetSysClockTo72   system_stm32f10x.o
    0x080021f0   0x00000002   Code   RO          217    i.SysTick_Handler   stm32f10x_it.o
    0x080021f2   0x00000002   PAD
    0x080021f4   0x00000010   Code   RO          309    i.Sys_Soft_Reset    sys.o
    0x08002204   0x00000060   Code   RO          179    i.SystemInit        system_stm32f10x.o
    0x08002264   0x00000024   Code   RO          524    i.TIM3_IRQHandler   timer.o
    0x08002288   0x00000050   Code   RO          525    i.TIM3_Int_Init     timer.o
    0x080022d8   0x000000c4   Code   RO          528    i.TIM5_IRQHandler   timer.o
    0x0800239c   0x0000002c   Code   RO          733    i.TIM7_IRQHandler   pid.o
    0x080023c8   0x00000006   Code   RO         1944    i.TIM_ClearFlag     stm32f10x_tim.o
    0x080023ce   0x00000006   Code   RO         1945    i.TIM_ClearITPendingBit  stm32f10x_tim.o
    0x080023d4   0x00000018   Code   RO         1950    i.TIM_Cmd           stm32f10x_tim.o
    0x080023ec   0x00000022   Code   RO         1971    i.TIM_GetITStatus   stm32f10x_tim.o
    0x0800240e   0x00000012   Code   RO         1975    i.TIM_ITConfig      stm32f10x_tim.o
    0x08002420   0x000000a4   Code   RO         1984    i.TIM_OC2Init       stm32f10x_tim.o
    0x080024c4   0x0000001a   Code   RO         1987    i.TIM_OC2PreloadConfig  stm32f10x_tim.o
    0x080024de   0x00000004   Code   RO         2012    i.TIM_SetCompare2   stm32f10x_tim.o
    0x080024e2   0x00000002   PAD
    0x080024e4   0x000000a4   Code   RO         2021    i.TIM_TimeBaseInit  stm32f10x_tim.o
    0x08002588   0x00000084   Code   RO          382    i.USART1_IRQHandler  usart.o
    0x0800260c   0x00000024   Code   RO          496    i.USART3_IRQHandler  usart3.o
    0x08002630   0x00000004   Code   RO          218    i.UsageFault_Handler  stm32f10x_it.o
    0x08002634   0x00000028   Code   RO         2838    i.__ARM_fpclassify  m_ws.l(fpclassify.o)
    0x0800265c   0x0000000e   Code   RO         2686    i._is_digit         c_w.l(__printf_wp.o)
    0x0800266a   0x00000004   Code   RO          383    i._sys_exit         usart.o
    0x0800266e   0x00000002   PAD
    0x08002670   0x000000a8   Code   RO          734    i.calcFrequency     pid.o
    0x08002718   0x00000002   Code   RO          735    i.calcVolt          pid.o
    0x0800271a   0x00000002   PAD
    0x0800271c   0x00000040   Code   RO          273    i.delay_init        delay.o
    0x0800275c   0x0000003c   Code   RO          274    i.delay_ms          delay.o
    0x08002798   0x0000003c   Code   RO          275    i.delay_us          delay.o
    0x080027d4   0x0000001c   Code   RO          384    i.fputc             usart.o
    0x080027f0   0x0000002a   Code   RO          828    i.gizAcrossByteJudge  gizwits_protocol.o
    0x0800281a   0x00000002   PAD
    0x0800281c   0x0000006c   Code   RO          829    i.gizByteOrderExchange  gizwits_protocol.o
    0x08002888   0x000000e8   Code   RO          830    i.gizCheckReport    gizwits_protocol.o
    0x08002970   0x000000b0   Code   RO          831    i.gizCompressValue  gizwits_protocol.o
    0x08002a20   0x000000a0   Code   RO          832    i.gizDataPoint2Event  gizwits_protocol.o
    0x08002ac0   0x00000084   Code   RO          833    i.gizDataPoints2ReportData  gizwits_protocol.o
    0x08002b44   0x00000130   Code   RO          834    i.gizDecompressionValue  gizwits_protocol.o
    0x08002c74   0x000000b4   Code   RO          835    i.gizDevReportPolicy  gizwits_protocol.o
    0x08002d28   0x0000001a   Code   RO          836    i.gizExchangeWord   gizwits_protocol.o
    0x08002d42   0x00000002   PAD
    0x08002d44   0x0000000c   Code   RO          770    i.gizGetTimerCount  gizwits_product.o
    0x08002d50   0x0000008c   Code   RO          837    i.gizProtocolAckHandle  gizwits_protocol.o
    0x08002ddc   0x000000a4   Code   RO          838    i.gizProtocolCommonAck  gizwits_protocol.o
    0x08002e80   0x000000a8   Code   RO          839    i.gizProtocolErrorCmd  gizwits_protocol.o
    0x08002f28   0x00000016   Code   RO          840    i.gizProtocolExchangeBytes  gizwits_protocol.o
    0x08002f3e   0x00000002   PAD
    0x08002f40   0x00000180   Code   RO          841    i.gizProtocolGetDeviceInfo  gizwits_protocol.o
    0x080030c0   0x000001a8   Code   RO          842    i.gizProtocolGetOnePacket  gizwits_protocol.o
    0x08003268   0x00000050   Code   RO          843    i.gizProtocolHeadInit  gizwits_protocol.o
    0x080032b8   0x00000100   Code   RO          844    i.gizProtocolIssuedDataAck  gizwits_protocol.o
    0x080033b8   0x00000110   Code   RO          845    i.gizProtocolIssuedProcess  gizwits_protocol.o
    0x080034c8   0x00000504   Code   RO          846    i.gizProtocolModuleStatus  gizwits_protocol.o
    0x080039cc   0x0000008c   Code   RO          847    i.gizProtocolNTP    gizwits_protocol.o
    0x08003a58   0x0000001c   Code   RO          848    i.gizProtocolReboot  gizwits_protocol.o
    0x08003a74   0x00000080   Code   RO          849    i.gizProtocolResendData  gizwits_protocol.o
    0x08003af4   0x0000006c   Code   RO          850    i.gizProtocolSum    gizwits_protocol.o
    0x08003b60   0x00000064   Code   RO          851    i.gizProtocolWaitAck  gizwits_protocol.o
    0x08003bc4   0x00000048   Code   RO          852    i.gizProtocolWaitAckCheck  gizwits_protocol.o
    0x08003c0c   0x00000078   Code   RO          853    i.gizPutData        gizwits_protocol.o
    0x08003c84   0x000000d4   Code   RO          854    i.gizReportData     gizwits_protocol.o
    0x08003d58   0x00000010   Code   RO          771    i.gizTimerMs        gizwits_product.o
    0x08003d68   0x0000000c   Code   RO          855    i.gizX2Y            gizwits_protocol.o
    0x08003d74   0x0000000e   Code   RO          857    i.gizY2X            gizwits_protocol.o
    0x08003d82   0x00000002   PAD
    0x08003d84   0x0000025c   Code   RO          772    i.gizwitsEventProcess  gizwits_product.o
    0x08003fe0   0x00000288   Code   RO          860    i.gizwitsHandle     gizwits_protocol.o
    0x08004268   0x00000028   Code   RO          861    i.gizwitsInit       gizwits_protocol.o
    0x08004290   0x00000230   Code   RO          863    i.gizwitsSetMode    gizwits_protocol.o
    0x080044c0   0x00000298   Code   RO            3    i.main              test.o
    0x08004758   0x0000000c   Code   RO          773    i.mcuRestart        gizwits_product.o
    0x08004764   0x00000016   Code   RO          628    i.mypow             oled.o
    0x0800477a   0x00000002   PAD
    0x0800477c   0x00000110   Code   RO          705    i.peripheral_init   peripheral.o
    0x0800488c   0x0000008c   Code   RO          736    i.pid_IT_Init       pid.o
    0x08004918   0x0000005c   Code   RO          864    i.rbCanRead         gizwits_protocol.o
    0x08004974   0x00000040   Code   RO          865    i.rbCanWrite        gizwits_protocol.o
    0x080049b4   0x00000034   Code   RO          866    i.rbCapacity        gizwits_protocol.o
    0x080049e8   0x00000038   Code   RO          867    i.rbCreate          gizwits_protocol.o
    0x08004a20   0x000000e8   Code   RO          869    i.rbRead            gizwits_protocol.o
    0x08004b08   0x00000104   Code   RO          870    i.rbWrite           gizwits_protocol.o
    0x08004c0c   0x000001a0   Code   RO          706    i.setFrequency      peripheral.o
    0x08004dac   0x00000002   Code   RO          707    i.setVolt           peripheral.o
    0x08004dae   0x00000002   PAD
    0x08004db0   0x00000058   Code   RO          774    i.uartWrite         gizwits_product.o
    0x08004e08   0x000000dc   Code   RO          385    i.uart_init         usart.o
    0x08004ee4   0x0000008c   Code   RO          497    i.usart3_init       usart3.o
    0x08004f70   0x0000002c   Code   RO         2834    locale$$code        c_w.l(lc_numeric_c.o)
    0x08004f9c   0x00000018   Code   RO         2767    x$fpl$dcmpinf       fz_ws.l(dcmpi.o)
    0x08004fb4   0x0000005e   Code   RO         2719    x$fpl$dfix          fz_ws.l(dfix.o)
    0x08005012   0x00000002   PAD
    0x08005014   0x00000078   Code   RO         2723    x$fpl$dleqf         fz_ws.l(dleqf.o)
    0x0800508c   0x00000154   Code   RO         2725    x$fpl$dmul          fz_ws.l(dmul.o)
    0x080051e0   0x0000009c   Code   RO         2769    x$fpl$dnaninf       fz_ws.l(dnaninf.o)
    0x0800527c   0x0000000c   Code   RO         2771    x$fpl$dretinf       fz_ws.l(dretinf.o)
    0x08005288   0x0000006c   Code   RO         2727    x$fpl$drleqf        fz_ws.l(drleqf.o)
    0x080052f4   0x00000056   Code   RO         2729    x$fpl$f2d           fz_ws.l(f2d.o)
    0x0800534a   0x00000002   PAD
    0x0800534c   0x000000c4   Code   RO         2731    x$fpl$fadd          fz_ws.l(faddsub_clz.o)
    0x08005410   0x00000184   Code   RO         2738    x$fpl$fdiv          fz_ws.l(fdiv.o)
    0x08005594   0x0000003e   Code   RO         2741    x$fpl$ffixu         fz_ws.l(ffixu.o)
    0x080055d2   0x00000002   PAD
    0x080055d4   0x00000030   Code   RO         2746    x$fpl$fflt          fz_ws.l(fflt_clz.o)
    0x08005604   0x00000026   Code   RO         2745    x$fpl$ffltu         fz_ws.l(fflt_clz.o)
    0x0800562a   0x00000002   PAD
    0x0800562c   0x00000102   Code   RO         2751    x$fpl$fmul          fz_ws.l(fmul.o)
    0x0800572e   0x0000008c   Code   RO         2773    x$fpl$fnaninf       fz_ws.l(fnaninf.o)
    0x080057ba   0x0000000a   Code   RO         2775    x$fpl$fretinf       fz_ws.l(fretinf.o)
    0x080057c4   0x00000014   Code   RO         2732    x$fpl$frsb          fz_ws.l(faddsub_clz.o)
    0x080057d8   0x000000ea   Code   RO         2733    x$fpl$fsub          fz_ws.l(faddsub_clz.o)
    0x080058c2   0x00000004   Code   RO         2753    x$fpl$printf1       fz_ws.l(printf1.o)
    0x080058c6   0x00000000   Code   RO         2777    x$fpl$usenofp       fz_ws.l(usenofp.o)
    0x080058c6   0x000017c0   Data   RO          630    .constdata          oled.o
    0x08007086   0x00000011   Data   RO         2689    .constdata          c_w.l(__printf_flags_wp.o)
    0x08007097   0x00000001   PAD
    0x08007098   0x00000094   Data   RO         2805    .constdata          c_w.l(bigflt0.o)
    0x0800712c   0x00000041   Data   RO          872    .conststring        gizwits_protocol.o
    0x0800716d   0x00000003   PAD
    0x08007170   0x00000020   Data   RO         2977    Region$$Table       anon$$obj.o
    0x08007190   0x0000001c   Data   RO         2833    locale$$data        c_w.l(lc_numeric_c.o)


    Execution Region RW_IRAM1 (Base: 0x20000000, Size: 0x00001868, Max: 0x00010000, ABSOLUTE)

    Base Addr    Size         Type   Attr      Idx    E Section Name        Object

    0x20000000   0x00000004   Data   RW          276    .data               delay.o
    0x20000004   0x00000006   Data   RW          387    .data               usart.o
    0x2000000a   0x00000001   Data   RW          479    .data               key.o
    0x2000000b   0x00000001   PAD
    0x2000000c   0x00000004   Data   RW          529    .data               timer.o
    0x20000010   0x00000006   Data   RW          708    .data               peripheral.o
    0x20000016   0x00000002   PAD
    0x20000018   0x00000004   Data   RW          738    .data               pid.o
    0x2000001c   0x00000004   Data   RW          776    .data               gizwits_product.o
    0x20000020   0x0000000c   Data   RW          873    .data               gizwits_protocol.o
    0x2000002c   0x00000009   Zero   RW            4    .bss                test.o
    0x20000035   0x000000c8   Zero   RW          386    .bss                usart.o
    0x200000fd   0x00000400   Zero   RW          629    .bss                oled.o
    0x200004fd   0x00000003   PAD
    0x20000500   0x00000030   Zero   RW          737    .bss                pid.o
    0x20000530   0x00000014   Zero   RW          775    .bss                gizwits_product.o
    0x20000544   0x000000c1   Zero   RW          871    .bss                gizwits_protocol.o
    0x20000605   0x00000003   PAD
    0x20000608   0x00000060   Zero   RW         2841    .bss                c_w.l(libspace.o)
    0x20000668   0x00000200   Zero   RW         1064    HEAP                startup_stm32f10x_hd.o
    0x20000868   0x00001000   Zero   RW         1063    STACK               startup_stm32f10x_hd.o


==============================================================================

Image component sizes


      Code (inc. data)   RO Data    RW Data    ZI Data      Debug   Object Name

       184         16          0          4          0       1887   delay.o
       654         58          0          0          0       4968   ds18b20.o
       732        182          0          4         20       4932   gizwits_product.o
      7492       2426         65         12        193      28414   gizwits_protocol.o
       272         36          0          1          0       1198   key.o
       112         12          0          0          0        487   led.o
      1248         94       6080          0       1024       7584   oled.o
       690        138          0          6          0       2200   peripheral.o
       354         48          0          4         48       2627   pid.o
        64         26        304          0       4608        816   startup_stm32f10x_hd.o
       286          0          0          0          0       3188   stm32f10x_gpio.o
        26          0          0          0          0       4046   stm32f10x_it.o
        64         12          0          0          0       1218   stm32f10x_rcc.o
       446         52          0          0          0       6309   stm32f10x_tim.o
       180         20          0          0          0       2301   sys.o
       328         28          0          0          0       1965   system_stm32f10x.o
       864        292          0          0          9     245460   test.o
       312         28          0          4          0       2070   timer.o
       384         36          0          6        200       4276   usart.o
       176         20          0          0          0       1170   usart3.o

    ----------------------------------------------------------------------
     14900       3524       6484         44       6108     327116   Object Totals
         0          0         32          0          0          0   (incl. Generated)
        32          0          3          3          6          0   (incl. Padding)

    ----------------------------------------------------------------------

      Code (inc. data)   RO Data    RW Data    ZI Data      Debug   Library Member Name

         8          0          0          0          0         68   __main.o
       312          4         17          0          0         92   __printf_flags_wp.o
        14          0          0          0          0         68   __printf_wp.o
         0          0          0          0          0          0   __rtentry.o
        12          0          0          0          0          0   __rtentry2.o
         6          0          0          0          0          0   __rtentry4.o
        52          8          0          0          0          0   __scatter.o
        26          0          0          0          0          0   __scatter_copy.o
        28          0          0          0          0          0   __scatter_zi.o
        48          6          0          0          0         96   _printf_char_common.o
        36          4          0          0          0         80   _printf_char_file.o
         6          0          0          0          0          0   _printf_d.o
       120         16          0          0          0         92   _printf_dec.o
         6          0          0          0          0          0   _printf_f.o
      1050          0          0          0          0        216   _printf_fp_dec.o
       128         16          0          0          0         84   _printf_fp_infnan.o
       178          0          0          0          0         88   _printf_intcommon.o
        78          0          0          0          0        108   _printf_pad.o
         0          0          0          0          0          0   _printf_percent.o
         4          0          0          0          0          0   _printf_percent_end.o
       220          4        148          0          0         96   bigflt0.o
      1910        128          0          0          0        672   btod.o
        18          0          0          0          0         80   exit.o
         8          0          0          0          0         68   ferror.o
         6          0          0          0          0        152   heapauxi.o
        44         10         28          0          0         76   lc_numeric_c.o
         2          0          0          0          0          0   libinit.o
        18          0          0          0          0          0   libinit2.o
         2          0          0          0          0          0   libshutdown.o
         2          0          0          0          0          0   libshutdown2.o
         8          4          0          0         96         68   libspace.o
       138          0          0          0          0         80   lludiv10.o
        24          4          0          0          0         84   noretval__2printf.o
         8          4          0          0          0         68   rt_locale_intlibspace.o
        68          0          0          0          0         68   rt_memclr.o
        78          0          0          0          0         80   rt_memclr_w.o
       138          0          0          0          0         68   rt_memcpy_v6.o
       100          0          0          0          0         80   rt_memcpy_w.o
         2          0          0          0          0          0   rtexit.o
        10          0          0          0          0          0   rtexit2.o
       128          0          0          0          0         68   strcmpv7m.o
        74          0          0          0          0         80   sys_stackheap_outer.o
         2          0          0          0          0         68   use_no_semi.o
         2          0          0          0          0         68   use_no_semi_2.o
        24          0          0          0          0         68   dcmpi.o
        94          4          0          0          0         92   dfix.o
       120          4          0          0          0         92   dleqf.o
       340         12          0          0          0        104   dmul.o
       156          4          0          0          0         92   dnaninf.o
        12          0          0          0          0         68   dretinf.o
       108          0          0          0          0         80   drleqf.o
        86          4          0          0          0         84   f2d.o
       450          8          0          0          0        236   faddsub_clz.o
       388         76          0          0          0         96   fdiv.o
        62          4          0          0          0         84   ffixu.o
        86          0          0          0          0        136   fflt_clz.o
       258          4          0          0          0         84   fmul.o
       140          4          0          0          0         84   fnaninf.o
        10          0          0          0          0         68   fretinf.o
         4          0          0          0          0         68   printf1.o
         0          0          0          0          0          0   usenofp.o
        40          0          0          0          0         68   fpclassify.o

    ----------------------------------------------------------------------
      7522        332        194          0         96       4620   Library Totals
        22          0          1          0          0          0   (incl. Padding)

    ----------------------------------------------------------------------

      Code (inc. data)   RO Data    RW Data    ZI Data      Debug   Library Name

      5122        208        193          0         96       3016   c_w.l
      2338        124          0          0          0       1536   fz_ws.l
        40          0          0          0          0         68   m_ws.l

    ----------------------------------------------------------------------
      7522        332        194          0         96       4620   Library Totals

    ----------------------------------------------------------------------

==============================================================================


      Code (inc. data)   RO Data    RW Data    ZI Data      Debug   

     22422       3856       6678         44       6204     323308   Grand Totals
     22422       3856       6678         44       6204     323308   ELF Image Totals
     22422       3856       6678         44          0          0   ROM Totals

==============================================================================

    Total RO  Size (Code + RO Data)                29100 (  28.42kB)
    Total RW  Size (RW Data + ZI Data)              6248 (   6.10kB)
    Total ROM Size (Code + RO Data + RW Data)      29144 (  28.46kB)

==============================================================================

